Archive member included because of file (symbol)

c:/winavr-20080430/bin/../lib/gcc/avr/4.3.0/../../../../avr/lib\libpololu.a(OrangutanMotors.o)
                              test.o (set_motors)
c:/winavr-20080430/bin/../lib/gcc/avr/4.3.0/../../../../avr/lib\libpololu.a(OrangutanBuzzer.o)
                              test.o (is_playing)
c:/winavr-20080430/bin/../lib/gcc/avr/4.3.0/../../../../avr/lib\libpololu.a(OrangutanPushbuttons.o)
                              test.o (button_is_pressed)
c:/winavr-20080430/bin/../lib/gcc/avr/4.3.0/../../../../avr/lib\libpololu.a(OrangutanLCD.o)
                              test.o (clear)
c:/winavr-20080430/bin/../lib/gcc/avr/4.3.0/../../../../avr/lib\libpololu.a(Pololu3pi.o)
                              test.o (battery_millivolts)
c:/winavr-20080430/bin/../lib/gcc/avr/4.3.0/../../../../avr/lib\libpololu.a(Delay.o)
                              test.o (delay_ms)
c:/winavr-20080430/bin/../lib/gcc/avr/4.3.0/../../../../avr/lib\libpololu.a(OrangutanAnalog.o)
                              c:/winavr-20080430/bin/../lib/gcc/avr/4.3.0/../../../../avr/lib\libpololu.a(Pololu3pi.o) (OrangutanAnalog::readAverage(unsigned char, unsigned int))
c:/winavr-20080430/bin/../lib/gcc/avr/4.3.0/../../../../avr/lib\libpololu.a(PololuQTRRC.o)
                              c:/winavr-20080430/bin/../lib/gcc/avr/4.3.0/../../../../avr/lib\libpololu.a(Pololu3pi.o) (PololuQTRRC::PololuQTRRC())
c:/winavr-20080430/bin/../lib/gcc/avr/4.3.0/avr5\libgcc.a(_mulsi3.o)
                              c:/winavr-20080430/bin/../lib/gcc/avr/4.3.0/../../../../avr/lib\libpololu.a(OrangutanBuzzer.o) (__mulsi3)
c:/winavr-20080430/bin/../lib/gcc/avr/4.3.0/avr5\libgcc.a(_udivmodqi4.o)
                              c:/winavr-20080430/bin/../lib/gcc/avr/4.3.0/../../../../avr/lib\libpololu.a(OrangutanBuzzer.o) (__udivmodqi4)
c:/winavr-20080430/bin/../lib/gcc/avr/4.3.0/avr5\libgcc.a(_udivmodhi4.o)
                              test.o (__udivmodhi4)
c:/winavr-20080430/bin/../lib/gcc/avr/4.3.0/avr5\libgcc.a(_divmodhi4.o)
                              c:/winavr-20080430/bin/../lib/gcc/avr/4.3.0/../../../../avr/lib\libpololu.a(OrangutanAnalog.o) (__divmodhi4)
c:/winavr-20080430/bin/../lib/gcc/avr/4.3.0/avr5\libgcc.a(_udivmodsi4.o)
                              c:/winavr-20080430/bin/../lib/gcc/avr/4.3.0/../../../../avr/lib\libpololu.a(OrangutanBuzzer.o) (__udivmodsi4)
c:/winavr-20080430/bin/../lib/gcc/avr/4.3.0/avr5\libgcc.a(_divmodsi4.o)
                              c:/winavr-20080430/bin/../lib/gcc/avr/4.3.0/../../../../avr/lib\libpololu.a(OrangutanBuzzer.o) (__divmodsi4)
c:/winavr-20080430/bin/../lib/gcc/avr/4.3.0/avr5\libgcc.a(_prologue.o)
                              c:/winavr-20080430/bin/../lib/gcc/avr/4.3.0/../../../../avr/lib\libpololu.a(OrangutanBuzzer.o) (__prologue_saves__)
c:/winavr-20080430/bin/../lib/gcc/avr/4.3.0/avr5\libgcc.a(_epilogue.o)
                              c:/winavr-20080430/bin/../lib/gcc/avr/4.3.0/../../../../avr/lib\libpololu.a(OrangutanBuzzer.o) (__epilogue_restores__)
c:/winavr-20080430/bin/../lib/gcc/avr/4.3.0/avr5\libgcc.a(_exit.o)
                              c:/winavr-20080430/bin/../lib/gcc/avr/4.3.0/../../../../avr/lib/avr5/crtm168.o (exit)
c:/winavr-20080430/bin/../lib/gcc/avr/4.3.0/avr5\libgcc.a(_tablejump.o)
                              c:/winavr-20080430/bin/../lib/gcc/avr/4.3.0/../../../../avr/lib\libpololu.a(OrangutanBuzzer.o) (__tablejump2__)
c:/winavr-20080430/bin/../lib/gcc/avr/4.3.0/avr5\libgcc.a(_copy_data.o)
                              test.o (__do_copy_data)
c:/winavr-20080430/bin/../lib/gcc/avr/4.3.0/avr5\libgcc.a(_clear_bss.o)
                              test.o (__do_clear_bss)
c:/winavr-20080430/bin/../lib/gcc/avr/4.3.0/avr5\libgcc.a(_ctors.o)
                              c:/winavr-20080430/bin/../lib/gcc/avr/4.3.0/../../../../avr/lib\libpololu.a(Pololu3pi.o) (__do_global_ctors)
c:/winavr-20080430/bin/../lib/gcc/avr/4.3.0/../../../../avr/lib/avr5\libc.a(fdevopen.o)
                              c:/winavr-20080430/bin/../lib/gcc/avr/4.3.0/../../../../avr/lib\libpololu.a(OrangutanLCD.o) (fdevopen)
c:/winavr-20080430/bin/../lib/gcc/avr/4.3.0/../../../../avr/lib/avr5\libc.a(iob.o)
                              c:/winavr-20080430/bin/../lib/gcc/avr/4.3.0/../../../../avr/lib/avr5\libc.a(fdevopen.o) (__iob)
c:/winavr-20080430/bin/../lib/gcc/avr/4.3.0/../../../../avr/lib/avr5\libc.a(calloc.o)
                              c:/winavr-20080430/bin/../lib/gcc/avr/4.3.0/../../../../avr/lib/avr5\libc.a(fdevopen.o) (calloc)
c:/winavr-20080430/bin/../lib/gcc/avr/4.3.0/../../../../avr/lib/avr5\libc.a(malloc.o)
                              c:/winavr-20080430/bin/../lib/gcc/avr/4.3.0/../../../../avr/lib/avr5\libc.a(calloc.o) (malloc)
c:/winavr-20080430/bin/../lib/gcc/avr/4.3.0/../../../../avr/lib/avr5\libc.a(memset.o)
                              c:/winavr-20080430/bin/../lib/gcc/avr/4.3.0/../../../../avr/lib/avr5\libc.a(calloc.o) (memset)

Allocating common symbols
Common symbol       size              file

__brkval            0x2               c:/winavr-20080430/bin/../lib/gcc/avr/4.3.0/../../../../avr/lib/avr5\libc.a(malloc.o)
__flp               0x2               c:/winavr-20080430/bin/../lib/gcc/avr/4.3.0/../../../../avr/lib/avr5\libc.a(malloc.o)
__iob               0x6               c:/winavr-20080430/bin/../lib/gcc/avr/4.3.0/../../../../avr/lib/avr5\libc.a(iob.o)

Discarded input sections

 .data          0x00000000        0x0 c:/winavr-20080430/bin/../lib/gcc/avr/4.3.0/../../../../avr/lib/avr5/crtm168.o
 .bss           0x00000000        0x0 c:/winavr-20080430/bin/../lib/gcc/avr/4.3.0/../../../../avr/lib/avr5/crtm168.o
 .bss           0x00000000        0x0 test.o
 .text          0x00000000        0x0 c:/winavr-20080430/bin/../lib/gcc/avr/4.3.0/../../../../avr/lib\libpololu.a(OrangutanMotors.o)
 .data          0x00000000        0x0 c:/winavr-20080430/bin/../lib/gcc/avr/4.3.0/../../../../avr/lib\libpololu.a(OrangutanMotors.o)
 .text._ZN15OrangutanMotorsC2Ev
                0x00000000        0x0 c:/winavr-20080430/bin/../lib/gcc/avr/4.3.0/../../../../avr/lib\libpololu.a(OrangutanMotors.o)
 .text._ZN15OrangutanMotorsC1Ev
                0x00000000        0x0 c:/winavr-20080430/bin/../lib/gcc/avr/4.3.0/../../../../avr/lib\libpololu.a(OrangutanMotors.o)
 .text._ZN15OrangutanMotors5init2Ev
                0x00000000        0x0 c:/winavr-20080430/bin/../lib/gcc/avr/4.3.0/../../../../avr/lib\libpololu.a(OrangutanMotors.o)
 .text.set_m1_speed
                0x00000000        0x0 c:/winavr-20080430/bin/../lib/gcc/avr/4.3.0/../../../../avr/lib\libpololu.a(OrangutanMotors.o)
 .text.set_m2_speed
                0x00000000        0x0 c:/winavr-20080430/bin/../lib/gcc/avr/4.3.0/../../../../avr/lib\libpololu.a(OrangutanMotors.o)
 .text          0x00000000        0x0 c:/winavr-20080430/bin/../lib/gcc/avr/4.3.0/../../../../avr/lib\libpololu.a(OrangutanBuzzer.o)
 .text._ZN15OrangutanBuzzerC2Ev
                0x00000000        0x0 c:/winavr-20080430/bin/../lib/gcc/avr/4.3.0/../../../../avr/lib\libpololu.a(OrangutanBuzzer.o)
 .text._ZN15OrangutanBuzzerC1Ev
                0x00000000        0x0 c:/winavr-20080430/bin/../lib/gcc/avr/4.3.0/../../../../avr/lib\libpololu.a(OrangutanBuzzer.o)
 .text.stop_playing
                0x00000000        0x0 c:/winavr-20080430/bin/../lib/gcc/avr/4.3.0/../../../../avr/lib\libpololu.a(OrangutanBuzzer.o)
 .text._ZN15OrangutanBuzzer5init2Ev
                0x00000000        0x0 c:/winavr-20080430/bin/../lib/gcc/avr/4.3.0/../../../../avr/lib\libpololu.a(OrangutanBuzzer.o)
 .text.play_frequency
                0x00000000        0x0 c:/winavr-20080430/bin/../lib/gcc/avr/4.3.0/../../../../avr/lib\libpololu.a(OrangutanBuzzer.o)
 .text.play_note
                0x00000000        0x0 c:/winavr-20080430/bin/../lib/gcc/avr/4.3.0/../../../../avr/lib\libpololu.a(OrangutanBuzzer.o)
 .text._ZN15OrangutanBuzzer9isPlayingEv
                0x00000000        0x0 c:/winavr-20080430/bin/../lib/gcc/avr/4.3.0/../../../../avr/lib\libpololu.a(OrangutanBuzzer.o)
 .text._ZN15OrangutanBuzzer11stopPlayingEv
                0x00000000        0x0 c:/winavr-20080430/bin/../lib/gcc/avr/4.3.0/../../../../avr/lib\libpololu.a(OrangutanBuzzer.o)
 .text._Z9getNumberv
                0x00000000        0x0 c:/winavr-20080430/bin/../lib/gcc/avr/4.3.0/../../../../avr/lib\libpololu.a(OrangutanBuzzer.o)
 .text          0x00000000        0x0 c:/winavr-20080430/bin/../lib/gcc/avr/4.3.0/../../../../avr/lib\libpololu.a(OrangutanPushbuttons.o)
 .data          0x00000000        0x0 c:/winavr-20080430/bin/../lib/gcc/avr/4.3.0/../../../../avr/lib\libpololu.a(OrangutanPushbuttons.o)
 .text._ZN20OrangutanPushbuttons4initEv
                0x00000000        0x0 c:/winavr-20080430/bin/../lib/gcc/avr/4.3.0/../../../../avr/lib\libpololu.a(OrangutanPushbuttons.o)
 .text._ZN20OrangutanPushbuttonsC2Ev
                0x00000000        0x0 c:/winavr-20080430/bin/../lib/gcc/avr/4.3.0/../../../../avr/lib\libpololu.a(OrangutanPushbuttons.o)
 .text._ZN20OrangutanPushbuttonsC1Ev
                0x00000000        0x0 c:/winavr-20080430/bin/../lib/gcc/avr/4.3.0/../../../../avr/lib\libpololu.a(OrangutanPushbuttons.o)
 .text._ZN20OrangutanPushbuttons5init2Ev
                0x00000000        0x0 c:/winavr-20080430/bin/../lib/gcc/avr/4.3.0/../../../../avr/lib\libpololu.a(OrangutanPushbuttons.o)
 .text._ZN20OrangutanPushbuttons12waitForPressEh
                0x00000000        0x0 c:/winavr-20080430/bin/../lib/gcc/avr/4.3.0/../../../../avr/lib\libpololu.a(OrangutanPushbuttons.o)
 .text.wait_for_button_press
                0x00000000        0x0 c:/winavr-20080430/bin/../lib/gcc/avr/4.3.0/../../../../avr/lib\libpololu.a(OrangutanPushbuttons.o)
 .text._ZN20OrangutanPushbuttons13waitForButtonEh
                0x00000000        0x0 c:/winavr-20080430/bin/../lib/gcc/avr/4.3.0/../../../../avr/lib\libpololu.a(OrangutanPushbuttons.o)
 .text.wait_for_button
                0x00000000        0x0 c:/winavr-20080430/bin/../lib/gcc/avr/4.3.0/../../../../avr/lib\libpololu.a(OrangutanPushbuttons.o)
 .text._ZN20OrangutanPushbuttons9isPressedEh
                0x00000000        0x0 c:/winavr-20080430/bin/../lib/gcc/avr/4.3.0/../../../../avr/lib\libpololu.a(OrangutanPushbuttons.o)
 .text          0x00000000        0x0 c:/winavr-20080430/bin/../lib/gcc/avr/4.3.0/../../../../avr/lib\libpololu.a(OrangutanLCD.o)
 .text._ZN12OrangutanLCDC2Ev
                0x00000000        0x0 c:/winavr-20080430/bin/../lib/gcc/avr/4.3.0/../../../../avr/lib\libpololu.a(OrangutanLCD.o)
 .text._ZN12OrangutanLCDC1Ev
                0x00000000        0x0 c:/winavr-20080430/bin/../lib/gcc/avr/4.3.0/../../../../avr/lib\libpololu.a(OrangutanLCD.o)
 .text.void_getchar
                0x00000000        0x0 c:/winavr-20080430/bin/../lib/gcc/avr/4.3.0/../../../../avr/lib\libpololu.a(OrangutanLCD.o)
 .text._ZN12OrangutanLCD5printEi
                0x00000000        0x0 c:/winavr-20080430/bin/../lib/gcc/avr/4.3.0/../../../../avr/lib\libpololu.a(OrangutanLCD.o)
 .text._ZN12OrangutanLCD5printEj
                0x00000000        0x0 c:/winavr-20080430/bin/../lib/gcc/avr/4.3.0/../../../../avr/lib\libpololu.a(OrangutanLCD.o)
 .text._ZN12OrangutanLCD14printHexNibbleEh
                0x00000000        0x0 c:/winavr-20080430/bin/../lib/gcc/avr/4.3.0/../../../../avr/lib\libpololu.a(OrangutanLCD.o)
 .text._ZN12OrangutanLCD8printHexEj
                0x00000000        0x0 c:/winavr-20080430/bin/../lib/gcc/avr/4.3.0/../../../../avr/lib\libpololu.a(OrangutanLCD.o)
 .text._ZN12OrangutanLCD11printBinaryEh
                0x00000000        0x0 c:/winavr-20080430/bin/../lib/gcc/avr/4.3.0/../../../../avr/lib\libpololu.a(OrangutanLCD.o)
 .text.lcd_putchar
                0x00000000        0x0 c:/winavr-20080430/bin/../lib/gcc/avr/4.3.0/../../../../avr/lib\libpololu.a(OrangutanLCD.o)
 .text._ZN12OrangutanLCD10showCursorEh
                0x00000000        0x0 c:/winavr-20080430/bin/../lib/gcc/avr/4.3.0/../../../../avr/lib\libpololu.a(OrangutanLCD.o)
 .text._ZN12OrangutanLCD10hideCursorEv
                0x00000000        0x0 c:/winavr-20080430/bin/../lib/gcc/avr/4.3.0/../../../../avr/lib\libpololu.a(OrangutanLCD.o)
 .text._ZN12OrangutanLCD10moveCursorEhh
                0x00000000        0x0 c:/winavr-20080430/bin/../lib/gcc/avr/4.3.0/../../../../avr/lib\libpololu.a(OrangutanLCD.o)
 .text._ZN12OrangutanLCD6scrollEhhj
                0x00000000        0x0 c:/winavr-20080430/bin/../lib/gcc/avr/4.3.0/../../../../avr/lib\libpololu.a(OrangutanLCD.o)
 .text.lcd_init_printf
                0x00000000        0x0 c:/winavr-20080430/bin/../lib/gcc/avr/4.3.0/../../../../avr/lib\libpololu.a(OrangutanLCD.o)
 .text          0x00000000        0x0 c:/winavr-20080430/bin/../lib/gcc/avr/4.3.0/../../../../avr/lib\libpololu.a(Pololu3pi.o)
 .text._ZN9Pololu3pi8readLineEPjh
                0x00000000        0x0 c:/winavr-20080430/bin/../lib/gcc/avr/4.3.0/../../../../avr/lib\libpololu.a(Pololu3pi.o)
 .text.read_line_white
                0x00000000        0x0 c:/winavr-20080430/bin/../lib/gcc/avr/4.3.0/../../../../avr/lib\libpololu.a(Pololu3pi.o)
 .text._Z25readLineSensorsCalibratedPj
                0x00000000        0x0 c:/winavr-20080430/bin/../lib/gcc/avr/4.3.0/../../../../avr/lib\libpololu.a(Pololu3pi.o)
 .text.read_line_sensors_calibrated
                0x00000000        0x0 c:/winavr-20080430/bin/../lib/gcc/avr/4.3.0/../../../../avr/lib\libpololu.a(Pololu3pi.o)
 .text._ZN9Pololu3pi20calibrateLineSensorsEv
                0x00000000        0x0 c:/winavr-20080430/bin/../lib/gcc/avr/4.3.0/../../../../avr/lib\libpololu.a(Pololu3pi.o)
 .text._ZN9Pololu3pi11emittersOffEv
                0x00000000        0x0 c:/winavr-20080430/bin/../lib/gcc/avr/4.3.0/../../../../avr/lib\libpololu.a(Pololu3pi.o)
 .text.emitters_off
                0x00000000        0x0 c:/winavr-20080430/bin/../lib/gcc/avr/4.3.0/../../../../avr/lib\libpololu.a(Pololu3pi.o)
 .text._ZN9Pololu3pi10emittersOnEv
                0x00000000        0x0 c:/winavr-20080430/bin/../lib/gcc/avr/4.3.0/../../../../avr/lib\libpololu.a(Pololu3pi.o)
 .text.emitters_on
                0x00000000        0x0 c:/winavr-20080430/bin/../lib/gcc/avr/4.3.0/../../../../avr/lib\libpololu.a(Pololu3pi.o)
 .text._ZN9Pololu3pi15readLineSensorsEPj
                0x00000000        0x0 c:/winavr-20080430/bin/../lib/gcc/avr/4.3.0/../../../../avr/lib\libpololu.a(Pololu3pi.o)
 .text.read_line_sensors
                0x00000000        0x0 c:/winavr-20080430/bin/../lib/gcc/avr/4.3.0/../../../../avr/lib\libpololu.a(Pololu3pi.o)
 .text          0x00000000        0x0 c:/winavr-20080430/bin/../lib/gcc/avr/4.3.0/../../../../avr/lib\libpololu.a(Delay.o)
 .data          0x00000000        0x0 c:/winavr-20080430/bin/../lib/gcc/avr/4.3.0/../../../../avr/lib\libpololu.a(Delay.o)
 .bss           0x00000000        0x0 c:/winavr-20080430/bin/../lib/gcc/avr/4.3.0/../../../../avr/lib\libpololu.a(Delay.o)
 .text          0x00000000        0x0 c:/winavr-20080430/bin/../lib/gcc/avr/4.3.0/../../../../avr/lib\libpololu.a(OrangutanAnalog.o)
 .data          0x00000000        0x0 c:/winavr-20080430/bin/../lib/gcc/avr/4.3.0/../../../../avr/lib\libpololu.a(OrangutanAnalog.o)
 .bss           0x00000000        0x0 c:/winavr-20080430/bin/../lib/gcc/avr/4.3.0/../../../../avr/lib\libpololu.a(OrangutanAnalog.o)
 .text.set_analog_mode
                0x00000000        0x0 c:/winavr-20080430/bin/../lib/gcc/avr/4.3.0/../../../../avr/lib\libpololu.a(OrangutanAnalog.o)
 .text.get_analog_mode
                0x00000000        0x0 c:/winavr-20080430/bin/../lib/gcc/avr/4.3.0/../../../../avr/lib\libpololu.a(OrangutanAnalog.o)
 .text.start_analog_conversion
                0x00000000        0x0 c:/winavr-20080430/bin/../lib/gcc/avr/4.3.0/../../../../avr/lib\libpololu.a(OrangutanAnalog.o)
 .text.analog_is_converting
                0x00000000        0x0 c:/winavr-20080430/bin/../lib/gcc/avr/4.3.0/../../../../avr/lib\libpololu.a(OrangutanAnalog.o)
 .text.conversion_result
                0x00000000        0x0 c:/winavr-20080430/bin/../lib/gcc/avr/4.3.0/../../../../avr/lib\libpololu.a(OrangutanAnalog.o)
 .text._ZN15OrangutanAnalogC2Ev
                0x00000000        0x0 c:/winavr-20080430/bin/../lib/gcc/avr/4.3.0/../../../../avr/lib\libpololu.a(OrangutanAnalog.o)
 .text._ZN15OrangutanAnalogC1Ev
                0x00000000        0x0 c:/winavr-20080430/bin/../lib/gcc/avr/4.3.0/../../../../avr/lib\libpololu.a(OrangutanAnalog.o)
 .text._ZN15OrangutanAnalog15startConversionEh
                0x00000000        0x0 c:/winavr-20080430/bin/../lib/gcc/avr/4.3.0/../../../../avr/lib\libpololu.a(OrangutanAnalog.o)
 .text._ZN15OrangutanAnalog4readEh
                0x00000000        0x0 c:/winavr-20080430/bin/../lib/gcc/avr/4.3.0/../../../../avr/lib\libpololu.a(OrangutanAnalog.o)
 .text.read_analog
                0x00000000        0x0 c:/winavr-20080430/bin/../lib/gcc/avr/4.3.0/../../../../avr/lib\libpololu.a(OrangutanAnalog.o)
 .text.read_analog_average
                0x00000000        0x0 c:/winavr-20080430/bin/../lib/gcc/avr/4.3.0/../../../../avr/lib\libpololu.a(OrangutanAnalog.o)
 .text._ZN15OrangutanAnalog11readTrimpotEv
                0x00000000        0x0 c:/winavr-20080430/bin/../lib/gcc/avr/4.3.0/../../../../avr/lib\libpololu.a(OrangutanAnalog.o)
 .text.read_trimpot
                0x00000000        0x0 c:/winavr-20080430/bin/../lib/gcc/avr/4.3.0/../../../../avr/lib\libpololu.a(OrangutanAnalog.o)
 .text._ZN15OrangutanAnalog16readTemperatureFEv
                0x00000000        0x0 c:/winavr-20080430/bin/../lib/gcc/avr/4.3.0/../../../../avr/lib\libpololu.a(OrangutanAnalog.o)
 .text.read_temperature_f
                0x00000000        0x0 c:/winavr-20080430/bin/../lib/gcc/avr/4.3.0/../../../../avr/lib\libpololu.a(OrangutanAnalog.o)
 .text._ZN15OrangutanAnalog16readTemperatureCEv
                0x00000000        0x0 c:/winavr-20080430/bin/../lib/gcc/avr/4.3.0/../../../../avr/lib\libpololu.a(OrangutanAnalog.o)
 .text.read_temperature_c
                0x00000000        0x0 c:/winavr-20080430/bin/../lib/gcc/avr/4.3.0/../../../../avr/lib\libpololu.a(OrangutanAnalog.o)
 .text._ZN15OrangutanAnalog12toMillivoltsEj
                0x00000000        0x0 c:/winavr-20080430/bin/../lib/gcc/avr/4.3.0/../../../../avr/lib\libpololu.a(OrangutanAnalog.o)
 .text.to_millivolts
                0x00000000        0x0 c:/winavr-20080430/bin/../lib/gcc/avr/4.3.0/../../../../avr/lib\libpololu.a(OrangutanAnalog.o)
 .text          0x00000000        0x0 c:/winavr-20080430/bin/../lib/gcc/avr/4.3.0/../../../../avr/lib\libpololu.a(PololuQTRRC.o)
 .data          0x00000000        0x0 c:/winavr-20080430/bin/../lib/gcc/avr/4.3.0/../../../../avr/lib\libpololu.a(PololuQTRRC.o)
 .text.qtr_emitters_on
                0x00000000        0x0 c:/winavr-20080430/bin/../lib/gcc/avr/4.3.0/../../../../avr/lib\libpololu.a(PololuQTRRC.o)
 .text.qtr_emitters_off
                0x00000000        0x0 c:/winavr-20080430/bin/../lib/gcc/avr/4.3.0/../../../../avr/lib\libpololu.a(PololuQTRRC.o)
 .text._ZN11PololuQTRRCC2Ev
                0x00000000        0x0 c:/winavr-20080430/bin/../lib/gcc/avr/4.3.0/../../../../avr/lib\libpololu.a(PololuQTRRC.o)
 .text._ZN11PololuQTRRCC1EPhhjh
                0x00000000        0x0 c:/winavr-20080430/bin/../lib/gcc/avr/4.3.0/../../../../avr/lib\libpololu.a(PololuQTRRC.o)
 .text._ZN11PololuQTRRCC2EPhhjh
                0x00000000        0x0 c:/winavr-20080430/bin/../lib/gcc/avr/4.3.0/../../../../avr/lib\libpololu.a(PololuQTRRC.o)
 .text.qtr_rc_init
                0x00000000        0x0 c:/winavr-20080430/bin/../lib/gcc/avr/4.3.0/../../../../avr/lib\libpololu.a(PololuQTRRC.o)
 .text.qtr_read
                0x00000000        0x0 c:/winavr-20080430/bin/../lib/gcc/avr/4.3.0/../../../../avr/lib\libpololu.a(PololuQTRRC.o)
 .text._ZN11PololuQTRRC10emittersOnEv
                0x00000000        0x0 c:/winavr-20080430/bin/../lib/gcc/avr/4.3.0/../../../../avr/lib\libpololu.a(PololuQTRRC.o)
 .text.qtr_calibrate
                0x00000000        0x0 c:/winavr-20080430/bin/../lib/gcc/avr/4.3.0/../../../../avr/lib\libpololu.a(PololuQTRRC.o)
 .text.qtr_read_calibrated
                0x00000000        0x0 c:/winavr-20080430/bin/../lib/gcc/avr/4.3.0/../../../../avr/lib\libpololu.a(PololuQTRRC.o)
 .text.qtr_read_line_white
                0x00000000        0x0 c:/winavr-20080430/bin/../lib/gcc/avr/4.3.0/../../../../avr/lib\libpololu.a(PololuQTRRC.o)
 .text.qtr_read_line
                0x00000000        0x0 c:/winavr-20080430/bin/../lib/gcc/avr/4.3.0/../../../../avr/lib\libpololu.a(PololuQTRRC.o)
 .text          0x00000000        0x0 c:/winavr-20080430/bin/../lib/gcc/avr/4.3.0/avr5\libgcc.a(_mulsi3.o)
 .data          0x00000000        0x0 c:/winavr-20080430/bin/../lib/gcc/avr/4.3.0/avr5\libgcc.a(_mulsi3.o)
 .bss           0x00000000        0x0 c:/winavr-20080430/bin/../lib/gcc/avr/4.3.0/avr5\libgcc.a(_mulsi3.o)
 .text          0x00000000        0x0 c:/winavr-20080430/bin/../lib/gcc/avr/4.3.0/avr5\libgcc.a(_udivmodqi4.o)
 .data          0x00000000        0x0 c:/winavr-20080430/bin/../lib/gcc/avr/4.3.0/avr5\libgcc.a(_udivmodqi4.o)
 .bss           0x00000000        0x0 c:/winavr-20080430/bin/../lib/gcc/avr/4.3.0/avr5\libgcc.a(_udivmodqi4.o)
 .text          0x00000000        0x0 c:/winavr-20080430/bin/../lib/gcc/avr/4.3.0/avr5\libgcc.a(_udivmodhi4.o)
 .data          0x00000000        0x0 c:/winavr-20080430/bin/../lib/gcc/avr/4.3.0/avr5\libgcc.a(_udivmodhi4.o)
 .bss           0x00000000        0x0 c:/winavr-20080430/bin/../lib/gcc/avr/4.3.0/avr5\libgcc.a(_udivmodhi4.o)
 .text          0x00000000        0x0 c:/winavr-20080430/bin/../lib/gcc/avr/4.3.0/avr5\libgcc.a(_divmodhi4.o)
 .data          0x00000000        0x0 c:/winavr-20080430/bin/../lib/gcc/avr/4.3.0/avr5\libgcc.a(_divmodhi4.o)
 .bss           0x00000000        0x0 c:/winavr-20080430/bin/../lib/gcc/avr/4.3.0/avr5\libgcc.a(_divmodhi4.o)
 .text.libgcc   0x00000000        0x0 c:/winavr-20080430/bin/../lib/gcc/avr/4.3.0/avr5\libgcc.a(_divmodhi4.o)
 .text          0x00000000        0x0 c:/winavr-20080430/bin/../lib/gcc/avr/4.3.0/avr5\libgcc.a(_udivmodsi4.o)
 .data          0x00000000        0x0 c:/winavr-20080430/bin/../lib/gcc/avr/4.3.0/avr5\libgcc.a(_udivmodsi4.o)
 .bss           0x00000000        0x0 c:/winavr-20080430/bin/../lib/gcc/avr/4.3.0/avr5\libgcc.a(_udivmodsi4.o)
 .text          0x00000000        0x0 c:/winavr-20080430/bin/../lib/gcc/avr/4.3.0/avr5\libgcc.a(_divmodsi4.o)
 .data          0x00000000        0x0 c:/winavr-20080430/bin/../lib/gcc/avr/4.3.0/avr5\libgcc.a(_divmodsi4.o)
 .bss           0x00000000        0x0 c:/winavr-20080430/bin/../lib/gcc/avr/4.3.0/avr5\libgcc.a(_divmodsi4.o)
 .text          0x00000000        0x0 c:/winavr-20080430/bin/../lib/gcc/avr/4.3.0/avr5\libgcc.a(_prologue.o)
 .data          0x00000000        0x0 c:/winavr-20080430/bin/../lib/gcc/avr/4.3.0/avr5\libgcc.a(_prologue.o)
 .bss           0x00000000        0x0 c:/winavr-20080430/bin/../lib/gcc/avr/4.3.0/avr5\libgcc.a(_prologue.o)
 .text          0x00000000        0x0 c:/winavr-20080430/bin/../lib/gcc/avr/4.3.0/avr5\libgcc.a(_epilogue.o)
 .data          0x00000000        0x0 c:/winavr-20080430/bin/../lib/gcc/avr/4.3.0/avr5\libgcc.a(_epilogue.o)
 .bss           0x00000000        0x0 c:/winavr-20080430/bin/../lib/gcc/avr/4.3.0/avr5\libgcc.a(_epilogue.o)
 .text          0x00000000        0x0 c:/winavr-20080430/bin/../lib/gcc/avr/4.3.0/avr5\libgcc.a(_exit.o)
 .data          0x00000000        0x0 c:/winavr-20080430/bin/../lib/gcc/avr/4.3.0/avr5\libgcc.a(_exit.o)
 .bss           0x00000000        0x0 c:/winavr-20080430/bin/../lib/gcc/avr/4.3.0/avr5\libgcc.a(_exit.o)
 .text.libgcc   0x00000000        0x0 c:/winavr-20080430/bin/../lib/gcc/avr/4.3.0/avr5\libgcc.a(_exit.o)
 .text          0x00000000        0x0 c:/winavr-20080430/bin/../lib/gcc/avr/4.3.0/avr5\libgcc.a(_tablejump.o)
 .data          0x00000000        0x0 c:/winavr-20080430/bin/../lib/gcc/avr/4.3.0/avr5\libgcc.a(_tablejump.o)
 .bss           0x00000000        0x0 c:/winavr-20080430/bin/../lib/gcc/avr/4.3.0/avr5\libgcc.a(_tablejump.o)
 .text          0x00000000        0x0 c:/winavr-20080430/bin/../lib/gcc/avr/4.3.0/avr5\libgcc.a(_copy_data.o)
 .data          0x00000000        0x0 c:/winavr-20080430/bin/../lib/gcc/avr/4.3.0/avr5\libgcc.a(_copy_data.o)
 .bss           0x00000000        0x0 c:/winavr-20080430/bin/../lib/gcc/avr/4.3.0/avr5\libgcc.a(_copy_data.o)
 .text.libgcc   0x00000000        0x0 c:/winavr-20080430/bin/../lib/gcc/avr/4.3.0/avr5\libgcc.a(_copy_data.o)
 .text          0x00000000        0x0 c:/winavr-20080430/bin/../lib/gcc/avr/4.3.0/avr5\libgcc.a(_clear_bss.o)
 .data          0x00000000        0x0 c:/winavr-20080430/bin/../lib/gcc/avr/4.3.0/avr5\libgcc.a(_clear_bss.o)
 .bss           0x00000000        0x0 c:/winavr-20080430/bin/../lib/gcc/avr/4.3.0/avr5\libgcc.a(_clear_bss.o)
 .text.libgcc   0x00000000        0x0 c:/winavr-20080430/bin/../lib/gcc/avr/4.3.0/avr5\libgcc.a(_clear_bss.o)
 .text          0x00000000        0x0 c:/winavr-20080430/bin/../lib/gcc/avr/4.3.0/avr5\libgcc.a(_ctors.o)
 .data          0x00000000        0x0 c:/winavr-20080430/bin/../lib/gcc/avr/4.3.0/avr5\libgcc.a(_ctors.o)
 .bss           0x00000000        0x0 c:/winavr-20080430/bin/../lib/gcc/avr/4.3.0/avr5\libgcc.a(_ctors.o)
 .text.libgcc   0x00000000        0x0 c:/winavr-20080430/bin/../lib/gcc/avr/4.3.0/avr5\libgcc.a(_ctors.o)
 .text          0x00000000        0x0 c:/winavr-20080430/bin/../lib/gcc/avr/4.3.0/../../../../avr/lib/avr5\libc.a(fdevopen.o)
 .data          0x00000000        0x0 c:/winavr-20080430/bin/../lib/gcc/avr/4.3.0/../../../../avr/lib/avr5\libc.a(fdevopen.o)
 .bss           0x00000000        0x0 c:/winavr-20080430/bin/../lib/gcc/avr/4.3.0/../../../../avr/lib/avr5\libc.a(fdevopen.o)
 .text          0x00000000        0x0 c:/winavr-20080430/bin/../lib/gcc/avr/4.3.0/../../../../avr/lib/avr5\libc.a(iob.o)
 .data          0x00000000        0x0 c:/winavr-20080430/bin/../lib/gcc/avr/4.3.0/../../../../avr/lib/avr5\libc.a(iob.o)
 .bss           0x00000000        0x0 c:/winavr-20080430/bin/../lib/gcc/avr/4.3.0/../../../../avr/lib/avr5\libc.a(iob.o)
 COMMON         0x00000000        0x0 c:/winavr-20080430/bin/../lib/gcc/avr/4.3.0/../../../../avr/lib/avr5\libc.a(iob.o)
 .text          0x00000000        0x0 c:/winavr-20080430/bin/../lib/gcc/avr/4.3.0/../../../../avr/lib/avr5\libc.a(calloc.o)
 .data          0x00000000        0x0 c:/winavr-20080430/bin/../lib/gcc/avr/4.3.0/../../../../avr/lib/avr5\libc.a(calloc.o)
 .bss           0x00000000        0x0 c:/winavr-20080430/bin/../lib/gcc/avr/4.3.0/../../../../avr/lib/avr5\libc.a(calloc.o)
 .text          0x00000000        0x0 c:/winavr-20080430/bin/../lib/gcc/avr/4.3.0/../../../../avr/lib/avr5\libc.a(malloc.o)
 .data          0x00000000        0x0 c:/winavr-20080430/bin/../lib/gcc/avr/4.3.0/../../../../avr/lib/avr5\libc.a(malloc.o)
 .bss           0x00000000        0x0 c:/winavr-20080430/bin/../lib/gcc/avr/4.3.0/../../../../avr/lib/avr5\libc.a(malloc.o)
 COMMON         0x00000000        0x0 c:/winavr-20080430/bin/../lib/gcc/avr/4.3.0/../../../../avr/lib/avr5\libc.a(malloc.o)
 .text          0x00000000        0x0 c:/winavr-20080430/bin/../lib/gcc/avr/4.3.0/../../../../avr/lib/avr5\libc.a(memset.o)
 .data          0x00000000        0x0 c:/winavr-20080430/bin/../lib/gcc/avr/4.3.0/../../../../avr/lib/avr5\libc.a(memset.o)
 .bss           0x00000000        0x0 c:/winavr-20080430/bin/../lib/gcc/avr/4.3.0/../../../../avr/lib/avr5\libc.a(memset.o)

Memory Configuration

Name             Origin             Length             Attributes
text             0x00000000         0x00020000         xr
data             0x00800060         0x0000ffa0         rw !x
eeprom           0x00810000         0x00010000         rw !x
fuse             0x00820000         0x00000400         rw !x
lock             0x00830000         0x00000400         rw !x
signature        0x00840000         0x00000400         rw !x
*default*        0x00000000         0xffffffff

Linker script and memory map

Address of section .data set to 0x800100
LOAD c:/winavr-20080430/bin/../lib/gcc/avr/4.3.0/../../../../avr/lib/avr5/crtm168.o
LOAD test.o
LOAD c:/winavr-20080430/bin/../lib/gcc/avr/4.3.0/../../../../avr/lib\libpololu.a
LOAD c:/winavr-20080430/bin/../lib/gcc/avr/4.3.0/avr5\libgcc.a
LOAD c:/winavr-20080430/bin/../lib/gcc/avr/4.3.0/../../../../avr/lib/avr5\libc.a
LOAD c:/winavr-20080430/bin/../lib/gcc/avr/4.3.0/avr5\libgcc.a

.hash
 *(.hash)

.dynsym
 *(.dynsym)

.dynstr
 *(.dynstr)

.gnu.version
 *(.gnu.version)

.gnu.version_d
 *(.gnu.version_d)

.gnu.version_r
 *(.gnu.version_r)

.rel.init
 *(.rel.init)

.rela.init
 *(.rela.init)

.rel.text
 *(.rel.text)
 *(.rel.text.*)
 *(.rel.gnu.linkonce.t*)

.rela.text
 *(.rela.text)
 *(.rela.text.*)
 *(.rela.gnu.linkonce.t*)

.rel.fini
 *(.rel.fini)

.rela.fini
 *(.rela.fini)

.rel.rodata
 *(.rel.rodata)
 *(.rel.rodata.*)
 *(.rel.gnu.linkonce.r*)

.rela.rodata
 *(.rela.rodata)
 *(.rela.rodata.*)
 *(.rela.gnu.linkonce.r*)

.rel.data
 *(.rel.data)
 *(.rel.data.*)
 *(.rel.gnu.linkonce.d*)

.rela.data
 *(.rela.data)
 *(.rela.data.*)
 *(.rela.gnu.linkonce.d*)

.rel.ctors
 *(.rel.ctors)

.rela.ctors
 *(.rela.ctors)

.rel.dtors
 *(.rel.dtors)

.rela.dtors
 *(.rela.dtors)

.rel.got
 *(.rel.got)

.rela.got
 *(.rela.got)

.rel.bss
 *(.rel.bss)

.rela.bss
 *(.rela.bss)

.rel.plt
 *(.rel.plt)

.rela.plt
 *(.rela.plt)

.text           0x00000000     0x18b4
 *(.vectors)
 .vectors       0x00000000       0x68 c:/winavr-20080430/bin/../lib/gcc/avr/4.3.0/../../../../avr/lib/avr5/crtm168.o
                0x00000000                __vectors
                0x00000000                __vector_default
 *(.vectors)
 *(.progmem.gcc*)
 .progmem.gcc_sw_table
                0x00000068       0x18 c:/winavr-20080430/bin/../lib/gcc/avr/4.3.0/../../../../avr/lib\libpololu.a(OrangutanBuzzer.o)
 *(.progmem*)
                0x00000080                . = ALIGN (0x2)
                0x00000080                __trampolines_start = .
 *(.trampolines)
 .trampolines   0x00000080        0x0 linker stubs
 *(.trampolines*)
                0x00000080                __trampolines_end = .
 *(.jumptables)
 *(.jumptables*)
 *(.lowtext)
 *(.lowtext*)
                0x00000080                __ctors_start = .
 *(.ctors)
 .ctors         0x00000080        0x2 c:/winavr-20080430/bin/../lib/gcc/avr/4.3.0/../../../../avr/lib\libpololu.a(Pololu3pi.o)
 .ctors         0x00000082        0x2 c:/winavr-20080430/bin/../lib/gcc/avr/4.3.0/../../../../avr/lib\libpololu.a(PololuQTRRC.o)
                0x00000084                __ctors_end = .
                0x00000084                __dtors_start = .
 *(.dtors)
                0x00000084                __dtors_end = .
 SORT(*)(.ctors)
 SORT(*)(.dtors)
 *(.init0)
 .init0         0x00000084        0x0 c:/winavr-20080430/bin/../lib/gcc/avr/4.3.0/../../../../avr/lib/avr5/crtm168.o
                0x00000084                __init
 *(.init0)
 *(.init1)
 *(.init1)
 *(.init2)
 .init2         0x00000084        0xc c:/winavr-20080430/bin/../lib/gcc/avr/4.3.0/../../../../avr/lib/avr5/crtm168.o
 *(.init2)
 *(.init3)
 *(.init3)
 *(.init4)
 .init4         0x00000090       0x16 c:/winavr-20080430/bin/../lib/gcc/avr/4.3.0/avr5\libgcc.a(_copy_data.o)
                0x00000090                __do_copy_data
 .init4         0x000000a6       0x10 c:/winavr-20080430/bin/../lib/gcc/avr/4.3.0/avr5\libgcc.a(_clear_bss.o)
                0x000000a6                __do_clear_bss
 *(.init4)
 *(.init5)
 *(.init5)
 *(.init6)
 .init6         0x000000b6       0x16 c:/winavr-20080430/bin/../lib/gcc/avr/4.3.0/avr5\libgcc.a(_ctors.o)
                0x000000b6                __do_global_ctors
 *(.init6)
 *(.init7)
 *(.init7)
 *(.init8)
 *(.init8)
 *(.init9)
 .init9         0x000000cc        0x8 c:/winavr-20080430/bin/../lib/gcc/avr/4.3.0/../../../../avr/lib/avr5/crtm168.o
 *(.init9)
 *(.text)
 .text          0x000000d4        0x4 c:/winavr-20080430/bin/../lib/gcc/avr/4.3.0/../../../../avr/lib/avr5/crtm168.o
                0x000000d4                __vector_22
                0x000000d4                __vector_1
                0x000000d4                __vector_24
                0x000000d4                __vector_12
                0x000000d4                __bad_interrupt
                0x000000d4                __vector_6
                0x000000d4                __vector_3
                0x000000d4                __vector_23
                0x000000d4                __vector_25
                0x000000d4                __vector_11
                0x000000d4                __vector_17
                0x000000d4                __vector_19
                0x000000d4                __vector_7
                0x000000d4                __vector_5
                0x000000d4                __vector_4
                0x000000d4                __vector_9
                0x000000d4                __vector_2
                0x000000d4                __vector_21
                0x000000d4                __vector_15
                0x000000d4                __vector_8
                0x000000d4                __vector_14
                0x000000d4                __vector_10
                0x000000d4                __vector_16
                0x000000d4                __vector_18
                0x000000d4                __vector_20
 .text          0x000000d8      0x1ca test.o
                0x00000116                main
                0x000000d8                display_readings
                0x000002a2                . = ALIGN (0x2)
 *(.text.*)
 .text._ZN15OrangutanMotors4initEv
                0x000002a2       0x46 c:/winavr-20080430/bin/../lib/gcc/avr/4.3.0/../../../../avr/lib\libpololu.a(OrangutanMotors.o)
                0x000002a2                OrangutanMotors::init()
 .text._ZN15OrangutanMotors10setM1SpeedEi
                0x000002e8       0x3c c:/winavr-20080430/bin/../lib/gcc/avr/4.3.0/../../../../avr/lib\libpololu.a(OrangutanMotors.o)
                0x000002e8                OrangutanMotors::setM1Speed(int)
 .text._ZN15OrangutanMotors10setM2SpeedEi
                0x00000324       0x44 c:/winavr-20080430/bin/../lib/gcc/avr/4.3.0/../../../../avr/lib\libpololu.a(OrangutanMotors.o)
                0x00000324                OrangutanMotors::setM2Speed(int)
 .text._ZN15OrangutanMotors9setSpeedsEii
                0x00000368       0x16 c:/winavr-20080430/bin/../lib/gcc/avr/4.3.0/../../../../avr/lib\libpololu.a(OrangutanMotors.o)
                0x00000368                OrangutanMotors::setSpeeds(int, int)
 .text.set_motors
                0x0000037e        0x6 c:/winavr-20080430/bin/../lib/gcc/avr/4.3.0/../../../../avr/lib\libpololu.a(OrangutanMotors.o)
                0x0000037e                set_motors
 .text._ZN15OrangutanBuzzer4initEv
                0x00000384       0x46 c:/winavr-20080430/bin/../lib/gcc/avr/4.3.0/../../../../avr/lib\libpololu.a(OrangutanBuzzer.o)
                0x00000384                OrangutanBuzzer::init()
 .text.is_playing
                0x000003ca       0x10 c:/winavr-20080430/bin/../lib/gcc/avr/4.3.0/../../../../avr/lib\libpololu.a(OrangutanBuzzer.o)
                0x000003ca                is_playing
 .text._ZN15OrangutanBuzzer13playFrequencyEjjh
                0x000003da      0x160 c:/winavr-20080430/bin/../lib/gcc/avr/4.3.0/../../../../avr/lib\libpololu.a(OrangutanBuzzer.o)
                0x000003da                OrangutanBuzzer::playFrequency(unsigned int, unsigned int, unsigned char)
 .text._ZN15OrangutanBuzzer8playNoteEhjh
                0x0000053a       0xf0 c:/winavr-20080430/bin/../lib/gcc/avr/4.3.0/../../../../avr/lib\libpololu.a(OrangutanBuzzer.o)
                0x0000053a                OrangutanBuzzer::playNote(unsigned char, unsigned int, unsigned char)
 .text._Z11getDurationv
                0x0000062a       0x5a c:/winavr-20080430/bin/../lib/gcc/avr/4.3.0/../../../../avr/lib\libpololu.a(OrangutanBuzzer.o)
                0x0000062a                getDuration()
 .text._Z8nextNotev
                0x00000684      0x436 c:/winavr-20080430/bin/../lib/gcc/avr/4.3.0/../../../../avr/lib\libpololu.a(OrangutanBuzzer.o)
                0x00000684                nextNote()
 .text._ZN15OrangutanBuzzer4playEPKc
                0x00000aba       0x52 c:/winavr-20080430/bin/../lib/gcc/avr/4.3.0/../../../../avr/lib\libpololu.a(OrangutanBuzzer.o)
                0x00000aba                OrangutanBuzzer::play(char const*)
 .text.play     0x00000b0c        0x6 c:/winavr-20080430/bin/../lib/gcc/avr/4.3.0/../../../../avr/lib\libpololu.a(OrangutanBuzzer.o)
                0x00000b0c                play
 .text.__vector_13
                0x00000b12       0x6a c:/winavr-20080430/bin/../lib/gcc/avr/4.3.0/../../../../avr/lib\libpololu.a(OrangutanBuzzer.o)
                0x00000b12                __vector_13
 .text.button_is_pressed
                0x00000b7c       0x3c c:/winavr-20080430/bin/../lib/gcc/avr/4.3.0/../../../../avr/lib\libpololu.a(OrangutanPushbuttons.o)
                0x00000b7c                button_is_pressed
 .text._ZN20OrangutanPushbuttons14waitForReleaseEh
                0x00000bb8       0x4e c:/winavr-20080430/bin/../lib/gcc/avr/4.3.0/../../../../avr/lib\libpololu.a(OrangutanPushbuttons.o)
                0x00000bb8                OrangutanPushbuttons::waitForRelease(unsigned char)
 .text.wait_for_button_release
                0x00000c06        0x6 c:/winavr-20080430/bin/../lib/gcc/avr/4.3.0/../../../../avr/lib\libpololu.a(OrangutanPushbuttons.o)
                0x00000c06                wait_for_button_release
 .text._ZN12OrangutanLCD8busyWaitEv
                0x00000c0c       0x2e c:/winavr-20080430/bin/../lib/gcc/avr/4.3.0/../../../../avr/lib\libpololu.a(OrangutanLCD.o)
                0x00000c0c                OrangutanLCD::busyWait()
 .text._ZN12OrangutanLCD10sendNibbleEh
                0x00000c3a       0x4e c:/winavr-20080430/bin/../lib/gcc/avr/4.3.0/../../../../avr/lib\libpololu.a(OrangutanLCD.o)
                0x00000c3a                OrangutanLCD::sendNibble(unsigned char)
 .text._ZN12OrangutanLCD4sendEhh
                0x00000c88       0x5e c:/winavr-20080430/bin/../lib/gcc/avr/4.3.0/../../../../avr/lib\libpololu.a(OrangutanLCD.o)
                0x00000c88                OrangutanLCD::send(unsigned char, unsigned char)
 .text._ZN12OrangutanLCD5init2Ev
                0x00000ce6       0x86 c:/winavr-20080430/bin/../lib/gcc/avr/4.3.0/../../../../avr/lib\libpololu.a(OrangutanLCD.o)
                0x00000ce6                OrangutanLCD::init2()
 .text._ZN12OrangutanLCD4initEv
                0x00000d6c       0x14 c:/winavr-20080430/bin/../lib/gcc/avr/4.3.0/../../../../avr/lib\libpololu.a(OrangutanLCD.o)
                0x00000d6c                OrangutanLCD::init()
 .text._ZN12OrangutanLCD5clearEv
                0x00000d80        0xa c:/winavr-20080430/bin/../lib/gcc/avr/4.3.0/../../../../avr/lib\libpololu.a(OrangutanLCD.o)
                0x00000d80                OrangutanLCD::clear()
 .text.clear    0x00000d8a       0x1e c:/winavr-20080430/bin/../lib/gcc/avr/4.3.0/../../../../avr/lib\libpololu.a(OrangutanLCD.o)
                0x00000d8a                clear
 .text._ZN12OrangutanLCD5printEc
                0x00000da8        0x8 c:/winavr-20080430/bin/../lib/gcc/avr/4.3.0/../../../../avr/lib\libpololu.a(OrangutanLCD.o)
                0x00000da8                OrangutanLCD::print(char)
 .text.print_character
                0x00000db0        0x6 c:/winavr-20080430/bin/../lib/gcc/avr/4.3.0/../../../../avr/lib\libpololu.a(OrangutanLCD.o)
                0x00000db0                print_character
 .text._ZN12OrangutanLCD5printEPKc
                0x00000db6       0x1c c:/winavr-20080430/bin/../lib/gcc/avr/4.3.0/../../../../avr/lib\libpololu.a(OrangutanLCD.o)
                0x00000db6                OrangutanLCD::print(char const*)
 .text.print    0x00000dd2        0x6 c:/winavr-20080430/bin/../lib/gcc/avr/4.3.0/../../../../avr/lib\libpololu.a(OrangutanLCD.o)
                0x00000dd2                print
 .text._ZN12OrangutanLCD5printEm
                0x00000dd8       0xd2 c:/winavr-20080430/bin/../lib/gcc/avr/4.3.0/../../../../avr/lib\libpololu.a(OrangutanLCD.o)
                0x00000dd8                OrangutanLCD::print(unsigned long)
 .text._ZN12OrangutanLCD5printEl
                0x00000eaa       0x3a c:/winavr-20080430/bin/../lib/gcc/avr/4.3.0/../../../../avr/lib\libpololu.a(OrangutanLCD.o)
                0x00000eaa                OrangutanLCD::print(long)
 .text.print_long
                0x00000ee4        0x6 c:/winavr-20080430/bin/../lib/gcc/avr/4.3.0/../../../../avr/lib\libpololu.a(OrangutanLCD.o)
                0x00000ee4                print_long
 .text._ZN12OrangutanLCD6gotoXYEhh
                0x00000eea       0x44 c:/winavr-20080430/bin/../lib/gcc/avr/4.3.0/../../../../avr/lib\libpololu.a(OrangutanLCD.o)
                0x00000eea                OrangutanLCD::gotoXY(unsigned char, unsigned char)
 .text.lcd_goto_xy
                0x00000f2e        0x6 c:/winavr-20080430/bin/../lib/gcc/avr/4.3.0/../../../../avr/lib\libpololu.a(OrangutanLCD.o)
                0x00000f2e                lcd_goto_xy
 .text._GLOBAL__I_pololu_3pi_init
                0x00000f34        0xa c:/winavr-20080430/bin/../lib/gcc/avr/4.3.0/../../../../avr/lib\libpololu.a(Pololu3pi.o)
 .text._ZN9Pololu3pi17batteryMillivoltsEv
                0x00000f3e       0x2e c:/winavr-20080430/bin/../lib/gcc/avr/4.3.0/../../../../avr/lib\libpololu.a(Pololu3pi.o)
                0x00000f3e                Pololu3pi::batteryMillivolts()
 .text.battery_millivolts
                0x00000f6c        0x6 c:/winavr-20080430/bin/../lib/gcc/avr/4.3.0/../../../../avr/lib\libpololu.a(Pololu3pi.o)
                0x00000f6c                battery_millivolts
 .text.read_line
                0x00000f72        0xe c:/winavr-20080430/bin/../lib/gcc/avr/4.3.0/../../../../avr/lib\libpololu.a(Pololu3pi.o)
                0x00000f72                read_line
 .text.calibrate_line_sensors
                0x00000f80        0xa c:/winavr-20080430/bin/../lib/gcc/avr/4.3.0/../../../../avr/lib\libpololu.a(Pololu3pi.o)
                0x00000f80                calibrate_line_sensors
 .text._ZN9Pololu3pi4initEj
                0x00000f8a       0x50 c:/winavr-20080430/bin/../lib/gcc/avr/4.3.0/../../../../avr/lib\libpololu.a(Pololu3pi.o)
                0x00000f8a                Pololu3pi::init(unsigned int)
 .text.pololu_3pi_init
                0x00000fda        0x6 c:/winavr-20080430/bin/../lib/gcc/avr/4.3.0/../../../../avr/lib\libpololu.a(Pololu3pi.o)
                0x00000fda                pololu_3pi_init
 .text.delay_ms
                0x00000fe0       0x1c c:/winavr-20080430/bin/../lib/gcc/avr/4.3.0/../../../../avr/lib\libpololu.a(Delay.o)
                0x00000fe0                delay_ms
 .text._ZN15OrangutanAnalog11readAverageEhj
                0x00000ffc       0xb0 c:/winavr-20080430/bin/../lib/gcc/avr/4.3.0/../../../../avr/lib\libpololu.a(OrangutanAnalog.o)
                0x00000ffc                OrangutanAnalog::readAverage(unsigned char, unsigned int)
 .text._ZN11PololuQTRRCC1Ev
                0x000010ac        0x2 c:/winavr-20080430/bin/../lib/gcc/avr/4.3.0/../../../../avr/lib\libpololu.a(PololuQTRRC.o)
                0x000010ac                PololuQTRRC::PololuQTRRC()
 .text._ZN11PololuQTRRC4initEPhhjh
                0x000010ae      0x1f6 c:/winavr-20080430/bin/../lib/gcc/avr/4.3.0/../../../../avr/lib\libpololu.a(PololuQTRRC.o)
                0x000010ae                PololuQTRRC::init(unsigned char*, unsigned char, unsigned int, unsigned char)
 .text._ZN11PololuQTRRC4readEPj
                0x000012a4      0x230 c:/winavr-20080430/bin/../lib/gcc/avr/4.3.0/../../../../avr/lib\libpololu.a(PololuQTRRC.o)
                0x000012a4                PololuQTRRC::read(unsigned int*)
 .text._ZN11PololuQTRRC11emittersOffEv
                0x000014d4       0x30 c:/winavr-20080430/bin/../lib/gcc/avr/4.3.0/../../../../avr/lib\libpololu.a(PololuQTRRC.o)
                0x000014d4                PololuQTRRC::emittersOff()
 .text._ZN11PololuQTRRC9calibrateEv
                0x00001504       0x6c c:/winavr-20080430/bin/../lib/gcc/avr/4.3.0/../../../../avr/lib\libpololu.a(PololuQTRRC.o)
                0x00001504                PololuQTRRC::calibrate()
 .text._ZN11PololuQTRRC14readCalibratedEPj
                0x00001570       0xa0 c:/winavr-20080430/bin/../lib/gcc/avr/4.3.0/../../../../avr/lib\libpololu.a(PololuQTRRC.o)
                0x00001570                PololuQTRRC::readCalibrated(unsigned int*)
 .text._ZN11PololuQTRRC8readLineEPjh
                0x00001610      0x12c c:/winavr-20080430/bin/../lib/gcc/avr/4.3.0/../../../../avr/lib\libpololu.a(PololuQTRRC.o)
                0x00001610                PololuQTRRC::readLine(unsigned int*, unsigned char)
 .text._GLOBAL__I_qtr_emitters_on
                0x0000173c        0x2 c:/winavr-20080430/bin/../lib/gcc/avr/4.3.0/../../../../avr/lib\libpololu.a(PololuQTRRC.o)
 .text.libgcc   0x0000173e       0x3e c:/winavr-20080430/bin/../lib/gcc/avr/4.3.0/avr5\libgcc.a(_mulsi3.o)
                0x0000173e                __mulsi3
 .text.libgcc   0x0000177c       0x18 c:/winavr-20080430/bin/../lib/gcc/avr/4.3.0/avr5\libgcc.a(_udivmodqi4.o)
                0x0000177c                __udivmodqi4
 .text.libgcc   0x00001794       0x28 c:/winavr-20080430/bin/../lib/gcc/avr/4.3.0/avr5\libgcc.a(_udivmodhi4.o)
                0x00001794                __udivmodhi4
 .text.libgcc   0x000017bc       0x44 c:/winavr-20080430/bin/../lib/gcc/avr/4.3.0/avr5\libgcc.a(_udivmodsi4.o)
                0x000017bc                __udivmodsi4
 .text.libgcc   0x00001800       0x36 c:/winavr-20080430/bin/../lib/gcc/avr/4.3.0/avr5\libgcc.a(_divmodsi4.o)
                0x00001800                __divmodsi4
 .text.libgcc   0x00001836       0x38 c:/winavr-20080430/bin/../lib/gcc/avr/4.3.0/avr5\libgcc.a(_prologue.o)
                0x00001836                __prologue_saves__
 .text.libgcc   0x0000186e       0x36 c:/winavr-20080430/bin/../lib/gcc/avr/4.3.0/avr5\libgcc.a(_epilogue.o)
                0x0000186e                __epilogue_restores__
 .text.libgcc   0x000018a4        0xc c:/winavr-20080430/bin/../lib/gcc/avr/4.3.0/avr5\libgcc.a(_tablejump.o)
                0x000018a8                __tablejump__
                0x000018a4                __tablejump2__
                0x000018b0                . = ALIGN (0x2)
 *(.fini9)
 .fini9         0x000018b0        0x0 c:/winavr-20080430/bin/../lib/gcc/avr/4.3.0/avr5\libgcc.a(_exit.o)
                0x000018b0                exit
                0x000018b0                _exit
 *(.fini9)
 *(.fini8)
 *(.fini8)
 *(.fini7)
 *(.fini7)
 *(.fini6)
 *(.fini6)
 *(.fini5)
 *(.fini5)
 *(.fini4)
 *(.fini4)
 *(.fini3)
 *(.fini3)
 *(.fini2)
 *(.fini2)
 *(.fini1)
 *(.fini1)
 *(.fini0)
 .fini0         0x000018b0        0x4 c:/winavr-20080430/bin/../lib/gcc/avr/4.3.0/avr5\libgcc.a(_exit.o)
 *(.fini0)
                0x000018b4                _etext = .

.data           0x00800100       0x48 load address 0x000018b4
                0x00800100                PROVIDE (__data_start, .)
 *(.data)
 .data          0x00800100       0x3a test.o
 .data          0x0080013a        0x1 c:/winavr-20080430/bin/../lib/gcc/avr/4.3.0/../../../../avr/lib\libpololu.a(OrangutanBuzzer.o)
 .data          0x0080013b        0x8 c:/winavr-20080430/bin/../lib/gcc/avr/4.3.0/../../../../avr/lib\libpololu.a(OrangutanLCD.o)
                0x0080013b                row1
 .data          0x00800143        0x5 c:/winavr-20080430/bin/../lib/gcc/avr/4.3.0/../../../../avr/lib\libpololu.a(Pololu3pi.o)
 *(.data*)
 *(.rodata)
 *(.rodata*)
 *(.gnu.linkonce.d*)
                0x00800148                . = ALIGN (0x2)
                0x00800148                _edata = .
                0x00800148                PROVIDE (__data_end, .)

.bss            0x00800148       0x9b load address 0x000018fc
                0x00800148                PROVIDE (__bss_start, .)
 *(.bss)
 .bss           0x00800148        0x1 c:/winavr-20080430/bin/../lib/gcc/avr/4.3.0/../../../../avr/lib\libpololu.a(OrangutanMotors.o)
                0x00800148                OrangutanMotors::init()::initialized
 .bss           0x00800149        0xe c:/winavr-20080430/bin/../lib/gcc/avr/4.3.0/../../../../avr/lib\libpololu.a(OrangutanBuzzer.o)
                0x00800149                OrangutanBuzzer::init()::initialized
 .bss           0x00800157        0x1 c:/winavr-20080430/bin/../lib/gcc/avr/4.3.0/../../../../avr/lib\libpololu.a(OrangutanPushbuttons.o)
                0x00800157                OrangutanPushbuttons::init()::initialized
 .bss           0x00800158        0x3 c:/winavr-20080430/bin/../lib/gcc/avr/4.3.0/../../../../avr/lib\libpololu.a(OrangutanLCD.o)
                0x00800159                col
                0x0080015a                OrangutanLCD::init()::initialized
                0x00800158                row
 .bss           0x0080015b       0x43 c:/winavr-20080430/bin/../lib/gcc/avr/4.3.0/../../../../avr/lib\libpololu.a(Pololu3pi.o)
 .bss           0x0080019e       0x45 c:/winavr-20080430/bin/../lib/gcc/avr/4.3.0/../../../../avr/lib\libpololu.a(PololuQTRRC.o)
 *(.bss*)
 *(COMMON)
                0x008001e3                PROVIDE (__bss_end, .)
                0x000018b4                __data_load_start = LOADADDR (.data)
                0x000018fc                __data_load_end = (__data_load_start + SIZEOF (.data))

.noinit         0x008001e3        0x0
                0x008001e3                PROVIDE (__noinit_start, .)
 *(.noinit*)
                0x008001e3                PROVIDE (__noinit_end, .)
                0x008001e3                _end = .
                0x008001e3                PROVIDE (__heap_start, .)

.eeprom         0x00810000        0x0
 *(.eeprom*)
                0x00810000                __eeprom_end = .

.fuse
 *(.fuse)
 *(.lfuse)
 *(.hfuse)
 *(.efuse)

.lock
 *(.lock*)

.signature
 *(.signature*)

.stab
 *(.stab)

.stabstr
 *(.stabstr)

.stab.excl
 *(.stab.excl)

.stab.exclstr
 *(.stab.exclstr)

.stab.index
 *(.stab.index)

.stab.indexstr
 *(.stab.indexstr)

.comment
 *(.comment)

.debug
 *(.debug)

.line
 *(.line)

.debug_srcinfo
 *(.debug_srcinfo)

.debug_sfnames
 *(.debug_sfnames)

.debug_aranges  0x00000000      0x4e8
 *(.debug_aranges)
 .debug_aranges
                0x00000000       0x20 test.o
 .debug_aranges
                0x00000020       0x68 c:/winavr-20080430/bin/../lib/gcc/avr/4.3.0/../../../../avr/lib\libpololu.a(OrangutanMotors.o)
 .debug_aranges
                0x00000088       0xa8 c:/winavr-20080430/bin/../lib/gcc/avr/4.3.0/../../../../avr/lib\libpololu.a(OrangutanBuzzer.o)
 .debug_aranges
                0x00000130       0x78 c:/winavr-20080430/bin/../lib/gcc/avr/4.3.0/../../../../avr/lib\libpololu.a(OrangutanPushbuttons.o)
 .debug_aranges
                0x000001a8      0x108 c:/winavr-20080430/bin/../lib/gcc/avr/4.3.0/../../../../avr/lib\libpololu.a(OrangutanLCD.o)
 .debug_aranges
                0x000002b0       0xa8 c:/winavr-20080430/bin/../lib/gcc/avr/4.3.0/../../../../avr/lib\libpololu.a(Pololu3pi.o)
 .debug_aranges
                0x00000358       0x20 c:/winavr-20080430/bin/../lib/gcc/avr/4.3.0/../../../../avr/lib\libpololu.a(Delay.o)
 .debug_aranges
                0x00000378       0xb8 c:/winavr-20080430/bin/../lib/gcc/avr/4.3.0/../../../../avr/lib\libpololu.a(OrangutanAnalog.o)
 .debug_aranges
                0x00000430       0xb8 c:/winavr-20080430/bin/../lib/gcc/avr/4.3.0/../../../../avr/lib\libpololu.a(PololuQTRRC.o)

.debug_pubnames
                0x00000000      0xdc0
 *(.debug_pubnames)
 .debug_pubnames
                0x00000000       0x30 test.o
 .debug_pubnames
                0x00000030      0x131 c:/winavr-20080430/bin/../lib/gcc/avr/4.3.0/../../../../avr/lib\libpololu.a(OrangutanMotors.o)
 .debug_pubnames
                0x00000161      0x1c1 c:/winavr-20080430/bin/../lib/gcc/avr/4.3.0/../../../../avr/lib\libpololu.a(OrangutanBuzzer.o)
 .debug_pubnames
                0x00000322      0x1bb c:/winavr-20080430/bin/../lib/gcc/avr/4.3.0/../../../../avr/lib\libpololu.a(OrangutanPushbuttons.o)
 .debug_pubnames
                0x000004dd      0x2fe c:/winavr-20080430/bin/../lib/gcc/avr/4.3.0/../../../../avr/lib\libpololu.a(OrangutanLCD.o)
 .debug_pubnames
                0x000007db      0x1b5 c:/winavr-20080430/bin/../lib/gcc/avr/4.3.0/../../../../avr/lib\libpololu.a(Pololu3pi.o)
 .debug_pubnames
                0x00000990       0x1f c:/winavr-20080430/bin/../lib/gcc/avr/4.3.0/../../../../avr/lib\libpololu.a(Delay.o)
 .debug_pubnames
                0x000009af      0x237 c:/winavr-20080430/bin/../lib/gcc/avr/4.3.0/../../../../avr/lib\libpololu.a(OrangutanAnalog.o)
 .debug_pubnames
                0x00000be6      0x1da c:/winavr-20080430/bin/../lib/gcc/avr/4.3.0/../../../../avr/lib\libpololu.a(PololuQTRRC.o)

.debug_info     0x00000000     0x32c6
 *(.debug_info)
 .debug_info    0x00000000      0x15c test.o
 .debug_info    0x0000015c      0x2cc c:/winavr-20080430/bin/../lib/gcc/avr/4.3.0/../../../../avr/lib\libpololu.a(OrangutanMotors.o)
 .debug_info    0x00000428      0x64c c:/winavr-20080430/bin/../lib/gcc/avr/4.3.0/../../../../avr/lib\libpololu.a(OrangutanBuzzer.o)
 .debug_info    0x00000a74      0x5e6 c:/winavr-20080430/bin/../lib/gcc/avr/4.3.0/../../../../avr/lib\libpololu.a(OrangutanPushbuttons.o)
 .debug_info    0x0000105a      0xc00 c:/winavr-20080430/bin/../lib/gcc/avr/4.3.0/../../../../avr/lib\libpololu.a(OrangutanLCD.o)
 .debug_info    0x00001c5a      0x64a c:/winavr-20080430/bin/../lib/gcc/avr/4.3.0/../../../../avr/lib\libpololu.a(Pololu3pi.o)
 .debug_info    0x000022a4      0x11e c:/winavr-20080430/bin/../lib/gcc/avr/4.3.0/../../../../avr/lib\libpololu.a(Delay.o)
 .debug_info    0x000023c2      0x59d c:/winavr-20080430/bin/../lib/gcc/avr/4.3.0/../../../../avr/lib\libpololu.a(OrangutanAnalog.o)
 .debug_info    0x0000295f      0x967 c:/winavr-20080430/bin/../lib/gcc/avr/4.3.0/../../../../avr/lib\libpololu.a(PololuQTRRC.o)
 *(.gnu.linkonce.wi.*)

.debug_abbrev   0x00000000     0x120f
 *(.debug_abbrev)
 .debug_abbrev  0x00000000       0xde test.o
 .debug_abbrev  0x000000de      0x176 c:/winavr-20080430/bin/../lib/gcc/avr/4.3.0/../../../../avr/lib\libpololu.a(OrangutanMotors.o)
 .debug_abbrev  0x00000254      0x2ab c:/winavr-20080430/bin/../lib/gcc/avr/4.3.0/../../../../avr/lib\libpololu.a(OrangutanBuzzer.o)
 .debug_abbrev  0x000004ff      0x1ba c:/winavr-20080430/bin/../lib/gcc/avr/4.3.0/../../../../avr/lib\libpololu.a(OrangutanPushbuttons.o)
 .debug_abbrev  0x000006b9      0x394 c:/winavr-20080430/bin/../lib/gcc/avr/4.3.0/../../../../avr/lib\libpololu.a(OrangutanLCD.o)
 .debug_abbrev  0x00000a4d      0x1fc c:/winavr-20080430/bin/../lib/gcc/avr/4.3.0/../../../../avr/lib\libpololu.a(Pololu3pi.o)
 .debug_abbrev  0x00000c49       0xb0 c:/winavr-20080430/bin/../lib/gcc/avr/4.3.0/../../../../avr/lib\libpololu.a(Delay.o)
 .debug_abbrev  0x00000cf9      0x225 c:/winavr-20080430/bin/../lib/gcc/avr/4.3.0/../../../../avr/lib\libpololu.a(OrangutanAnalog.o)
 .debug_abbrev  0x00000f1e      0x2f1 c:/winavr-20080430/bin/../lib/gcc/avr/4.3.0/../../../../avr/lib\libpololu.a(PololuQTRRC.o)

.debug_line     0x00000000     0x29a0
 *(.debug_line)
 .debug_line    0x00000000      0x1b8 test.o
 .debug_line    0x000001b8      0x2a0 c:/winavr-20080430/bin/../lib/gcc/avr/4.3.0/../../../../avr/lib\libpololu.a(OrangutanMotors.o)
 .debug_line    0x00000458      0x7f6 c:/winavr-20080430/bin/../lib/gcc/avr/4.3.0/../../../../avr/lib\libpololu.a(OrangutanBuzzer.o)
 .debug_line    0x00000c4e      0x431 c:/winavr-20080430/bin/../lib/gcc/avr/4.3.0/../../../../avr/lib\libpololu.a(OrangutanPushbuttons.o)
 .debug_line    0x0000107f      0x900 c:/winavr-20080430/bin/../lib/gcc/avr/4.3.0/../../../../avr/lib\libpololu.a(OrangutanLCD.o)
 .debug_line    0x0000197f      0x331 c:/winavr-20080430/bin/../lib/gcc/avr/4.3.0/../../../../avr/lib\libpololu.a(Pololu3pi.o)
 .debug_line    0x00001cb0      0x118 c:/winavr-20080430/bin/../lib/gcc/avr/4.3.0/../../../../avr/lib\libpololu.a(Delay.o)
 .debug_line    0x00001dc8      0x495 c:/winavr-20080430/bin/../lib/gcc/avr/4.3.0/../../../../avr/lib\libpololu.a(OrangutanAnalog.o)
 .debug_line    0x0000225d      0x743 c:/winavr-20080430/bin/../lib/gcc/avr/4.3.0/../../../../avr/lib\libpololu.a(PololuQTRRC.o)

.debug_frame    0x00000000      0x8c0
 *(.debug_frame)
 .debug_frame   0x00000000       0x30 test.o
 .debug_frame   0x00000030       0xb0 c:/winavr-20080430/bin/../lib/gcc/avr/4.3.0/../../../../avr/lib\libpololu.a(OrangutanMotors.o)
 .debug_frame   0x000000e0      0x130 c:/winavr-20080430/bin/../lib/gcc/avr/4.3.0/../../../../avr/lib\libpololu.a(OrangutanBuzzer.o)
 .debug_frame   0x00000210       0xd0 c:/winavr-20080430/bin/../lib/gcc/avr/4.3.0/../../../../avr/lib\libpololu.a(OrangutanPushbuttons.o)
 .debug_frame   0x000002e0      0x1f0 c:/winavr-20080430/bin/../lib/gcc/avr/4.3.0/../../../../avr/lib\libpololu.a(OrangutanLCD.o)
 .debug_frame   0x000004d0      0x130 c:/winavr-20080430/bin/../lib/gcc/avr/4.3.0/../../../../avr/lib\libpololu.a(Pololu3pi.o)
 .debug_frame   0x00000600       0x20 c:/winavr-20080430/bin/../lib/gcc/avr/4.3.0/../../../../avr/lib\libpololu.a(Delay.o)
 .debug_frame   0x00000620      0x150 c:/winavr-20080430/bin/../lib/gcc/avr/4.3.0/../../../../avr/lib\libpololu.a(OrangutanAnalog.o)
 .debug_frame   0x00000770      0x150 c:/winavr-20080430/bin/../lib/gcc/avr/4.3.0/../../../../avr/lib\libpololu.a(PololuQTRRC.o)

.debug_str      0x00000000     0x145a
 *(.debug_str)
 .debug_str     0x00000000       0xc3 test.o
                                 0xdd (size before relaxing)
 .debug_str     0x000000c3      0x1ed c:/winavr-20080430/bin/../lib/gcc/avr/4.3.0/../../../../avr/lib\libpololu.a(OrangutanMotors.o)
                                0x246 (size before relaxing)
 .debug_str     0x000002b0      0x2c8 c:/winavr-20080430/bin/../lib/gcc/avr/4.3.0/../../../../avr/lib\libpololu.a(OrangutanBuzzer.o)
                                0x3b0 (size before relaxing)
 .debug_str     0x00000578      0x232 c:/winavr-20080430/bin/../lib/gcc/avr/4.3.0/../../../../avr/lib\libpololu.a(OrangutanPushbuttons.o)
                                0x2fc (size before relaxing)
 .debug_str     0x000007aa      0x42f c:/winavr-20080430/bin/../lib/gcc/avr/4.3.0/../../../../avr/lib\libpololu.a(OrangutanLCD.o)
                                0x587 (size before relaxing)
 .debug_str     0x00000bd9      0x42d c:/winavr-20080430/bin/../lib/gcc/avr/4.3.0/../../../../avr/lib\libpololu.a(Pololu3pi.o)
                                0x547 (size before relaxing)
 .debug_str     0x00001006       0x12 c:/winavr-20080430/bin/../lib/gcc/avr/4.3.0/../../../../avr/lib\libpololu.a(Delay.o)
                                0x110 (size before relaxing)
 .debug_str     0x00001018      0x341 c:/winavr-20080430/bin/../lib/gcc/avr/4.3.0/../../../../avr/lib\libpololu.a(OrangutanAnalog.o)
                                0x402 (size before relaxing)
 .debug_str     0x00001359      0x101 c:/winavr-20080430/bin/../lib/gcc/avr/4.3.0/../../../../avr/lib\libpololu.a(PololuQTRRC.o)
                                0x47e (size before relaxing)

.debug_loc      0x00000000     0x1ba3
 *(.debug_loc)
 .debug_loc     0x00000000       0x56 test.o
 .debug_loc     0x00000056      0x14c c:/winavr-20080430/bin/../lib/gcc/avr/4.3.0/../../../../avr/lib\libpololu.a(OrangutanMotors.o)
 .debug_loc     0x000001a2      0x716 c:/winavr-20080430/bin/../lib/gcc/avr/4.3.0/../../../../avr/lib\libpololu.a(OrangutanBuzzer.o)
 .debug_loc     0x000008b8      0x193 c:/winavr-20080430/bin/../lib/gcc/avr/4.3.0/../../../../avr/lib\libpololu.a(OrangutanPushbuttons.o)
 .debug_loc     0x00000a4b      0x5c6 c:/winavr-20080430/bin/../lib/gcc/avr/4.3.0/../../../../avr/lib\libpololu.a(OrangutanLCD.o)
 .debug_loc     0x00001011      0x1bb c:/winavr-20080430/bin/../lib/gcc/avr/4.3.0/../../../../avr/lib\libpololu.a(Pololu3pi.o)
 .debug_loc     0x000011cc      0x208 c:/winavr-20080430/bin/../lib/gcc/avr/4.3.0/../../../../avr/lib\libpololu.a(OrangutanAnalog.o)
 .debug_loc     0x000013d4      0x7cf c:/winavr-20080430/bin/../lib/gcc/avr/4.3.0/../../../../avr/lib\libpololu.a(PololuQTRRC.o)

.debug_macinfo
 *(.debug_macinfo)
OUTPUT(test.elf elf32-avr)
LOAD linker stubs

.debug_ranges   0x00000000      0x590
 .debug_ranges  0x00000000       0x60 c:/winavr-20080430/bin/../lib/gcc/avr/4.3.0/../../../../avr/lib\libpololu.a(OrangutanMotors.o)
 .debug_ranges  0x00000060       0xa0 c:/winavr-20080430/bin/../lib/gcc/avr/4.3.0/../../../../avr/lib\libpololu.a(OrangutanBuzzer.o)
 .debug_ranges  0x00000100       0xd0 c:/winavr-20080430/bin/../lib/gcc/avr/4.3.0/../../../../avr/lib\libpololu.a(OrangutanPushbuttons.o)
 .debug_ranges  0x000001d0      0x160 c:/winavr-20080430/bin/../lib/gcc/avr/4.3.0/../../../../avr/lib\libpololu.a(OrangutanLCD.o)
 .debug_ranges  0x00000330       0xa0 c:/winavr-20080430/bin/../lib/gcc/avr/4.3.0/../../../../avr/lib\libpololu.a(Pololu3pi.o)
 .debug_ranges  0x000003d0       0x18 c:/winavr-20080430/bin/../lib/gcc/avr/4.3.0/../../../../avr/lib\libpololu.a(Delay.o)
 .debug_ranges  0x000003e8       0xf8 c:/winavr-20080430/bin/../lib/gcc/avr/4.3.0/../../../../avr/lib\libpololu.a(OrangutanAnalog.o)
 .debug_ranges  0x000004e0       0xb0 c:/winavr-20080430/bin/../lib/gcc/avr/4.3.0/../../../../avr/lib\libpololu.a(PololuQTRRC.o)
