Archive member included because of file (symbol)

c:/winavr-20080430/bin/../lib/gcc/avr/4.3.0/../../../../avr/lib\libpololu.a(OrangutanBuzzer.o)
                              test.o (play)
c:/winavr-20080430/bin/../lib/gcc/avr/4.3.0/../../../../avr/lib\libpololu.a(OrangutanLCD.o)
                              test.o (print)
c:/winavr-20080430/bin/../lib/gcc/avr/4.3.0/../../../../avr/lib\libpololu.a(OrangutanLEDs.o)
                              test.o (red_led)
c:/winavr-20080430/bin/../lib/gcc/avr/4.3.0/../../../../avr/lib\libpololu.a(OrangutanDelay.o)
                              test.o (delay_ms)
c:/winavr-20080430/bin/../lib/gcc/avr/4.3.0/avr5\libgcc.a(_mulsi3.o)
                              c:/winavr-20080430/bin/../lib/gcc/avr/4.3.0/../../../../avr/lib\libpololu.a(OrangutanBuzzer.o) (__mulsi3)
c:/winavr-20080430/bin/../lib/gcc/avr/4.3.0/avr5\libgcc.a(_udivmodqi4.o)
                              c:/winavr-20080430/bin/../lib/gcc/avr/4.3.0/../../../../avr/lib\libpololu.a(OrangutanBuzzer.o) (__udivmodqi4)
c:/winavr-20080430/bin/../lib/gcc/avr/4.3.0/avr5\libgcc.a(_udivmodhi4.o)
                              c:/winavr-20080430/bin/../lib/gcc/avr/4.3.0/../../../../avr/lib\libpololu.a(OrangutanBuzzer.o) (__udivmodhi4)
c:/winavr-20080430/bin/../lib/gcc/avr/4.3.0/avr5\libgcc.a(_udivmodsi4.o)
                              c:/winavr-20080430/bin/../lib/gcc/avr/4.3.0/../../../../avr/lib\libpololu.a(OrangutanBuzzer.o) (__udivmodsi4)
c:/winavr-20080430/bin/../lib/gcc/avr/4.3.0/avr5\libgcc.a(_divmodsi4.o)
                              c:/winavr-20080430/bin/../lib/gcc/avr/4.3.0/../../../../avr/lib\libpololu.a(OrangutanBuzzer.o) (__divmodsi4)
c:/winavr-20080430/bin/../lib/gcc/avr/4.3.0/avr5\libgcc.a(_prologue.o)
                              c:/winavr-20080430/bin/../lib/gcc/avr/4.3.0/../../../../avr/lib\libpololu.a(OrangutanBuzzer.o) (__prologue_saves__)
c:/winavr-20080430/bin/../lib/gcc/avr/4.3.0/avr5\libgcc.a(_epilogue.o)
                              c:/winavr-20080430/bin/../lib/gcc/avr/4.3.0/../../../../avr/lib\libpololu.a(OrangutanBuzzer.o) (__epilogue_restores__)
c:/winavr-20080430/bin/../lib/gcc/avr/4.3.0/avr5\libgcc.a(_exit.o)
                              c:/winavr-20080430/bin/../lib/gcc/avr/4.3.0/../../../../avr/lib/avr5/crtm168.o (exit)
c:/winavr-20080430/bin/../lib/gcc/avr/4.3.0/avr5\libgcc.a(_tablejump.o)
                              c:/winavr-20080430/bin/../lib/gcc/avr/4.3.0/../../../../avr/lib\libpololu.a(OrangutanBuzzer.o) (__tablejump2__)
c:/winavr-20080430/bin/../lib/gcc/avr/4.3.0/avr5\libgcc.a(_copy_data.o)
                              test.o (__do_copy_data)
c:/winavr-20080430/bin/../lib/gcc/avr/4.3.0/avr5\libgcc.a(_clear_bss.o)
                              test.o (__do_clear_bss)
c:/winavr-20080430/bin/../lib/gcc/avr/4.3.0/../../../../avr/lib/avr5\libc.a(fdevopen.o)
                              c:/winavr-20080430/bin/../lib/gcc/avr/4.3.0/../../../../avr/lib\libpololu.a(OrangutanLCD.o) (fdevopen)
c:/winavr-20080430/bin/../lib/gcc/avr/4.3.0/../../../../avr/lib/avr5\libc.a(iob.o)
                              c:/winavr-20080430/bin/../lib/gcc/avr/4.3.0/../../../../avr/lib/avr5\libc.a(fdevopen.o) (__iob)
c:/winavr-20080430/bin/../lib/gcc/avr/4.3.0/../../../../avr/lib/avr5\libc.a(calloc.o)
                              c:/winavr-20080430/bin/../lib/gcc/avr/4.3.0/../../../../avr/lib/avr5\libc.a(fdevopen.o) (calloc)
c:/winavr-20080430/bin/../lib/gcc/avr/4.3.0/../../../../avr/lib/avr5\libc.a(malloc.o)
                              c:/winavr-20080430/bin/../lib/gcc/avr/4.3.0/../../../../avr/lib/avr5\libc.a(calloc.o) (malloc)
c:/winavr-20080430/bin/../lib/gcc/avr/4.3.0/../../../../avr/lib/avr5\libc.a(memset.o)
                              c:/winavr-20080430/bin/../lib/gcc/avr/4.3.0/../../../../avr/lib/avr5\libc.a(calloc.o) (memset)

Allocating common symbols
Common symbol       size              file

__brkval            0x2               c:/winavr-20080430/bin/../lib/gcc/avr/4.3.0/../../../../avr/lib/avr5\libc.a(malloc.o)
__flp               0x2               c:/winavr-20080430/bin/../lib/gcc/avr/4.3.0/../../../../avr/lib/avr5\libc.a(malloc.o)
__iob               0x6               c:/winavr-20080430/bin/../lib/gcc/avr/4.3.0/../../../../avr/lib/avr5\libc.a(iob.o)

Discarded input sections

 .data          0x00000000        0x0 c:/winavr-20080430/bin/../lib/gcc/avr/4.3.0/../../../../avr/lib/avr5/crtm168.o
 .bss           0x00000000        0x0 c:/winavr-20080430/bin/../lib/gcc/avr/4.3.0/../../../../avr/lib/avr5/crtm168.o
 .bss           0x00000000        0x0 test.o
 .text          0x00000000        0x0 c:/winavr-20080430/bin/../lib/gcc/avr/4.3.0/../../../../avr/lib\libpololu.a(OrangutanBuzzer.o)
 .text._ZN15OrangutanBuzzerC2Ev
                0x00000000        0x0 c:/winavr-20080430/bin/../lib/gcc/avr/4.3.0/../../../../avr/lib\libpololu.a(OrangutanBuzzer.o)
 .text._ZN15OrangutanBuzzerC1Ev
                0x00000000        0x0 c:/winavr-20080430/bin/../lib/gcc/avr/4.3.0/../../../../avr/lib\libpololu.a(OrangutanBuzzer.o)
 .text.play_frequency
                0x00000000        0x0 c:/winavr-20080430/bin/../lib/gcc/avr/4.3.0/../../../../avr/lib\libpololu.a(OrangutanBuzzer.o)
 .text.play_note
                0x00000000        0x0 c:/winavr-20080430/bin/../lib/gcc/avr/4.3.0/../../../../avr/lib\libpololu.a(OrangutanBuzzer.o)
 .text._ZN15OrangutanBuzzer9isPlayingEv
                0x00000000        0x0 c:/winavr-20080430/bin/../lib/gcc/avr/4.3.0/../../../../avr/lib\libpololu.a(OrangutanBuzzer.o)
 .text._ZN15OrangutanBuzzer11stopPlayingEv
                0x00000000        0x0 c:/winavr-20080430/bin/../lib/gcc/avr/4.3.0/../../../../avr/lib\libpololu.a(OrangutanBuzzer.o)
 .text.stop_playing
                0x00000000        0x0 c:/winavr-20080430/bin/../lib/gcc/avr/4.3.0/../../../../avr/lib\libpololu.a(OrangutanBuzzer.o)
 .text._ZN15OrangutanBuzzer20playFromProgramSpaceEPKc
                0x00000000        0x0 c:/winavr-20080430/bin/../lib/gcc/avr/4.3.0/../../../../avr/lib\libpololu.a(OrangutanBuzzer.o)
 .text.play_from_program_space
                0x00000000        0x0 c:/winavr-20080430/bin/../lib/gcc/avr/4.3.0/../../../../avr/lib\libpololu.a(OrangutanBuzzer.o)
 .text._ZN15OrangutanBuzzer9playCheckEv
                0x00000000        0x0 c:/winavr-20080430/bin/../lib/gcc/avr/4.3.0/../../../../avr/lib\libpololu.a(OrangutanBuzzer.o)
 .text._ZN15OrangutanBuzzer8playModeEh
                0x00000000        0x0 c:/winavr-20080430/bin/../lib/gcc/avr/4.3.0/../../../../avr/lib\libpololu.a(OrangutanBuzzer.o)
 .text.play_mode
                0x00000000        0x0 c:/winavr-20080430/bin/../lib/gcc/avr/4.3.0/../../../../avr/lib\libpololu.a(OrangutanBuzzer.o)
 .text.play_check
                0x00000000        0x0 c:/winavr-20080430/bin/../lib/gcc/avr/4.3.0/../../../../avr/lib\libpololu.a(OrangutanBuzzer.o)
 .text.is_playing
                0x00000000        0x0 c:/winavr-20080430/bin/../lib/gcc/avr/4.3.0/../../../../avr/lib\libpololu.a(OrangutanBuzzer.o)
 .text          0x00000000        0x0 c:/winavr-20080430/bin/../lib/gcc/avr/4.3.0/../../../../avr/lib\libpololu.a(OrangutanLCD.o)
 .data          0x00000000        0x0 c:/winavr-20080430/bin/../lib/gcc/avr/4.3.0/../../../../avr/lib\libpololu.a(OrangutanLCD.o)
 .text._ZN12OrangutanLCDC2Ev
                0x00000000        0x0 c:/winavr-20080430/bin/../lib/gcc/avr/4.3.0/../../../../avr/lib\libpololu.a(OrangutanLCD.o)
 .text._ZN12OrangutanLCDC1Ev
                0x00000000        0x0 c:/winavr-20080430/bin/../lib/gcc/avr/4.3.0/../../../../avr/lib\libpololu.a(OrangutanLCD.o)
 .text.void_getchar
                0x00000000        0x0 c:/winavr-20080430/bin/../lib/gcc/avr/4.3.0/../../../../avr/lib\libpololu.a(OrangutanLCD.o)
 .text._ZN12OrangutanLCD19loadCustomCharacterEPKch
                0x00000000        0x0 c:/winavr-20080430/bin/../lib/gcc/avr/4.3.0/../../../../avr/lib\libpololu.a(OrangutanLCD.o)
 .text.lcd_load_custom_character
                0x00000000        0x0 c:/winavr-20080430/bin/../lib/gcc/avr/4.3.0/../../../../avr/lib\libpololu.a(OrangutanLCD.o)
 .text._ZN12OrangutanLCD5clearEv
                0x00000000        0x0 c:/winavr-20080430/bin/../lib/gcc/avr/4.3.0/../../../../avr/lib\libpololu.a(OrangutanLCD.o)
 .text.clear    0x00000000        0x0 c:/winavr-20080430/bin/../lib/gcc/avr/4.3.0/../../../../avr/lib\libpololu.a(OrangutanLCD.o)
 .text._ZN12OrangutanLCD5printEc
                0x00000000        0x0 c:/winavr-20080430/bin/../lib/gcc/avr/4.3.0/../../../../avr/lib\libpololu.a(OrangutanLCD.o)
 .text.print_character
                0x00000000        0x0 c:/winavr-20080430/bin/../lib/gcc/avr/4.3.0/../../../../avr/lib\libpololu.a(OrangutanLCD.o)
 .text._ZN12OrangutanLCD5printEm
                0x00000000        0x0 c:/winavr-20080430/bin/../lib/gcc/avr/4.3.0/../../../../avr/lib\libpololu.a(OrangutanLCD.o)
 .text._ZN12OrangutanLCD5printEl
                0x00000000        0x0 c:/winavr-20080430/bin/../lib/gcc/avr/4.3.0/../../../../avr/lib\libpololu.a(OrangutanLCD.o)
 .text.print_long
                0x00000000        0x0 c:/winavr-20080430/bin/../lib/gcc/avr/4.3.0/../../../../avr/lib\libpololu.a(OrangutanLCD.o)
 .text.print_unsigned_long
                0x00000000        0x0 c:/winavr-20080430/bin/../lib/gcc/avr/4.3.0/../../../../avr/lib\libpololu.a(OrangutanLCD.o)
 .text._ZN12OrangutanLCD14printHexNibbleEh
                0x00000000        0x0 c:/winavr-20080430/bin/../lib/gcc/avr/4.3.0/../../../../avr/lib\libpololu.a(OrangutanLCD.o)
 .text._ZN12OrangutanLCD8printHexEh
                0x00000000        0x0 c:/winavr-20080430/bin/../lib/gcc/avr/4.3.0/../../../../avr/lib\libpololu.a(OrangutanLCD.o)
 .text._ZN12OrangutanLCD8printHexEj
                0x00000000        0x0 c:/winavr-20080430/bin/../lib/gcc/avr/4.3.0/../../../../avr/lib\libpololu.a(OrangutanLCD.o)
 .text.print_hex
                0x00000000        0x0 c:/winavr-20080430/bin/../lib/gcc/avr/4.3.0/../../../../avr/lib\libpololu.a(OrangutanLCD.o)
 .text.print_hex_byte
                0x00000000        0x0 c:/winavr-20080430/bin/../lib/gcc/avr/4.3.0/../../../../avr/lib\libpololu.a(OrangutanLCD.o)
 .text._ZN12OrangutanLCD11printBinaryEh
                0x00000000        0x0 c:/winavr-20080430/bin/../lib/gcc/avr/4.3.0/../../../../avr/lib\libpololu.a(OrangutanLCD.o)
 .text.print_binary
                0x00000000        0x0 c:/winavr-20080430/bin/../lib/gcc/avr/4.3.0/../../../../avr/lib\libpololu.a(OrangutanLCD.o)
 .text._ZN12OrangutanLCD6gotoXYEhh
                0x00000000        0x0 c:/winavr-20080430/bin/../lib/gcc/avr/4.3.0/../../../../avr/lib\libpololu.a(OrangutanLCD.o)
 .text.lcd_goto_xy
                0x00000000        0x0 c:/winavr-20080430/bin/../lib/gcc/avr/4.3.0/../../../../avr/lib\libpololu.a(OrangutanLCD.o)
 .text.lcd_putchar
                0x00000000        0x0 c:/winavr-20080430/bin/../lib/gcc/avr/4.3.0/../../../../avr/lib\libpololu.a(OrangutanLCD.o)
 .text._ZN12OrangutanLCD10showCursorEh
                0x00000000        0x0 c:/winavr-20080430/bin/../lib/gcc/avr/4.3.0/../../../../avr/lib\libpololu.a(OrangutanLCD.o)
 .text.lcd_show_cursor
                0x00000000        0x0 c:/winavr-20080430/bin/../lib/gcc/avr/4.3.0/../../../../avr/lib\libpololu.a(OrangutanLCD.o)
 .text._ZN12OrangutanLCD10hideCursorEv
                0x00000000        0x0 c:/winavr-20080430/bin/../lib/gcc/avr/4.3.0/../../../../avr/lib\libpololu.a(OrangutanLCD.o)
 .text.lcd_hide_cursor
                0x00000000        0x0 c:/winavr-20080430/bin/../lib/gcc/avr/4.3.0/../../../../avr/lib\libpololu.a(OrangutanLCD.o)
 .text._ZN12OrangutanLCD10moveCursorEhh
                0x00000000        0x0 c:/winavr-20080430/bin/../lib/gcc/avr/4.3.0/../../../../avr/lib\libpololu.a(OrangutanLCD.o)
 .text.lcd_move_cursor
                0x00000000        0x0 c:/winavr-20080430/bin/../lib/gcc/avr/4.3.0/../../../../avr/lib\libpololu.a(OrangutanLCD.o)
 .text._ZN12OrangutanLCD6scrollEhhj
                0x00000000        0x0 c:/winavr-20080430/bin/../lib/gcc/avr/4.3.0/../../../../avr/lib\libpololu.a(OrangutanLCD.o)
 .text.lcd_scroll
                0x00000000        0x0 c:/winavr-20080430/bin/../lib/gcc/avr/4.3.0/../../../../avr/lib\libpololu.a(OrangutanLCD.o)
 .text._ZN12OrangutanLCD10initPrintfEv
                0x00000000        0x0 c:/winavr-20080430/bin/../lib/gcc/avr/4.3.0/../../../../avr/lib\libpololu.a(OrangutanLCD.o)
 .text.lcd_init_printf
                0x00000000        0x0 c:/winavr-20080430/bin/../lib/gcc/avr/4.3.0/../../../../avr/lib\libpololu.a(OrangutanLCD.o)
 .text          0x00000000        0x0 c:/winavr-20080430/bin/../lib/gcc/avr/4.3.0/../../../../avr/lib\libpololu.a(OrangutanLEDs.o)
 .data          0x00000000        0x0 c:/winavr-20080430/bin/../lib/gcc/avr/4.3.0/../../../../avr/lib\libpololu.a(OrangutanLEDs.o)
 .bss           0x00000000        0x0 c:/winavr-20080430/bin/../lib/gcc/avr/4.3.0/../../../../avr/lib\libpololu.a(OrangutanLEDs.o)
 .text._ZN13OrangutanLEDsC2Ev
                0x00000000        0x0 c:/winavr-20080430/bin/../lib/gcc/avr/4.3.0/../../../../avr/lib\libpololu.a(OrangutanLEDs.o)
 .text._ZN13OrangutanLEDsC1Ev
                0x00000000        0x0 c:/winavr-20080430/bin/../lib/gcc/avr/4.3.0/../../../../avr/lib\libpololu.a(OrangutanLEDs.o)
 .text.left_led
                0x00000000        0x0 c:/winavr-20080430/bin/../lib/gcc/avr/4.3.0/../../../../avr/lib\libpololu.a(OrangutanLEDs.o)
 .text.right_led
                0x00000000        0x0 c:/winavr-20080430/bin/../lib/gcc/avr/4.3.0/../../../../avr/lib\libpololu.a(OrangutanLEDs.o)
 .text          0x00000000        0x0 c:/winavr-20080430/bin/../lib/gcc/avr/4.3.0/../../../../avr/lib\libpololu.a(OrangutanDelay.o)
 .data          0x00000000        0x0 c:/winavr-20080430/bin/../lib/gcc/avr/4.3.0/../../../../avr/lib\libpololu.a(OrangutanDelay.o)
 .bss           0x00000000        0x0 c:/winavr-20080430/bin/../lib/gcc/avr/4.3.0/../../../../avr/lib\libpololu.a(OrangutanDelay.o)
 .text          0x00000000        0x0 c:/winavr-20080430/bin/../lib/gcc/avr/4.3.0/avr5\libgcc.a(_mulsi3.o)
 .data          0x00000000        0x0 c:/winavr-20080430/bin/../lib/gcc/avr/4.3.0/avr5\libgcc.a(_mulsi3.o)
 .bss           0x00000000        0x0 c:/winavr-20080430/bin/../lib/gcc/avr/4.3.0/avr5\libgcc.a(_mulsi3.o)
 .text          0x00000000        0x0 c:/winavr-20080430/bin/../lib/gcc/avr/4.3.0/avr5\libgcc.a(_udivmodqi4.o)
 .data          0x00000000        0x0 c:/winavr-20080430/bin/../lib/gcc/avr/4.3.0/avr5\libgcc.a(_udivmodqi4.o)
 .bss           0x00000000        0x0 c:/winavr-20080430/bin/../lib/gcc/avr/4.3.0/avr5\libgcc.a(_udivmodqi4.o)
 .text          0x00000000        0x0 c:/winavr-20080430/bin/../lib/gcc/avr/4.3.0/avr5\libgcc.a(_udivmodhi4.o)
 .data          0x00000000        0x0 c:/winavr-20080430/bin/../lib/gcc/avr/4.3.0/avr5\libgcc.a(_udivmodhi4.o)
 .bss           0x00000000        0x0 c:/winavr-20080430/bin/../lib/gcc/avr/4.3.0/avr5\libgcc.a(_udivmodhi4.o)
 .text          0x00000000        0x0 c:/winavr-20080430/bin/../lib/gcc/avr/4.3.0/avr5\libgcc.a(_udivmodsi4.o)
 .data          0x00000000        0x0 c:/winavr-20080430/bin/../lib/gcc/avr/4.3.0/avr5\libgcc.a(_udivmodsi4.o)
 .bss           0x00000000        0x0 c:/winavr-20080430/bin/../lib/gcc/avr/4.3.0/avr5\libgcc.a(_udivmodsi4.o)
 .text          0x00000000        0x0 c:/winavr-20080430/bin/../lib/gcc/avr/4.3.0/avr5\libgcc.a(_divmodsi4.o)
 .data          0x00000000        0x0 c:/winavr-20080430/bin/../lib/gcc/avr/4.3.0/avr5\libgcc.a(_divmodsi4.o)
 .bss           0x00000000        0x0 c:/winavr-20080430/bin/../lib/gcc/avr/4.3.0/avr5\libgcc.a(_divmodsi4.o)
 .text          0x00000000        0x0 c:/winavr-20080430/bin/../lib/gcc/avr/4.3.0/avr5\libgcc.a(_prologue.o)
 .data          0x00000000        0x0 c:/winavr-20080430/bin/../lib/gcc/avr/4.3.0/avr5\libgcc.a(_prologue.o)
 .bss           0x00000000        0x0 c:/winavr-20080430/bin/../lib/gcc/avr/4.3.0/avr5\libgcc.a(_prologue.o)
 .text          0x00000000        0x0 c:/winavr-20080430/bin/../lib/gcc/avr/4.3.0/avr5\libgcc.a(_epilogue.o)
 .data          0x00000000        0x0 c:/winavr-20080430/bin/../lib/gcc/avr/4.3.0/avr5\libgcc.a(_epilogue.o)
 .bss           0x00000000        0x0 c:/winavr-20080430/bin/../lib/gcc/avr/4.3.0/avr5\libgcc.a(_epilogue.o)
 .text          0x00000000        0x0 c:/winavr-20080430/bin/../lib/gcc/avr/4.3.0/avr5\libgcc.a(_exit.o)
 .data          0x00000000        0x0 c:/winavr-20080430/bin/../lib/gcc/avr/4.3.0/avr5\libgcc.a(_exit.o)
 .bss           0x00000000        0x0 c:/winavr-20080430/bin/../lib/gcc/avr/4.3.0/avr5\libgcc.a(_exit.o)
 .text.libgcc   0x00000000        0x0 c:/winavr-20080430/bin/../lib/gcc/avr/4.3.0/avr5\libgcc.a(_exit.o)
 .text          0x00000000        0x0 c:/winavr-20080430/bin/../lib/gcc/avr/4.3.0/avr5\libgcc.a(_tablejump.o)
 .data          0x00000000        0x0 c:/winavr-20080430/bin/../lib/gcc/avr/4.3.0/avr5\libgcc.a(_tablejump.o)
 .bss           0x00000000        0x0 c:/winavr-20080430/bin/../lib/gcc/avr/4.3.0/avr5\libgcc.a(_tablejump.o)
 .text          0x00000000        0x0 c:/winavr-20080430/bin/../lib/gcc/avr/4.3.0/avr5\libgcc.a(_copy_data.o)
 .data          0x00000000        0x0 c:/winavr-20080430/bin/../lib/gcc/avr/4.3.0/avr5\libgcc.a(_copy_data.o)
 .bss           0x00000000        0x0 c:/winavr-20080430/bin/../lib/gcc/avr/4.3.0/avr5\libgcc.a(_copy_data.o)
 .text.libgcc   0x00000000        0x0 c:/winavr-20080430/bin/../lib/gcc/avr/4.3.0/avr5\libgcc.a(_copy_data.o)
 .text          0x00000000        0x0 c:/winavr-20080430/bin/../lib/gcc/avr/4.3.0/avr5\libgcc.a(_clear_bss.o)
 .data          0x00000000        0x0 c:/winavr-20080430/bin/../lib/gcc/avr/4.3.0/avr5\libgcc.a(_clear_bss.o)
 .bss           0x00000000        0x0 c:/winavr-20080430/bin/../lib/gcc/avr/4.3.0/avr5\libgcc.a(_clear_bss.o)
 .text.libgcc   0x00000000        0x0 c:/winavr-20080430/bin/../lib/gcc/avr/4.3.0/avr5\libgcc.a(_clear_bss.o)
 .text          0x00000000        0x0 c:/winavr-20080430/bin/../lib/gcc/avr/4.3.0/../../../../avr/lib/avr5\libc.a(fdevopen.o)
 .data          0x00000000        0x0 c:/winavr-20080430/bin/../lib/gcc/avr/4.3.0/../../../../avr/lib/avr5\libc.a(fdevopen.o)
 .bss           0x00000000        0x0 c:/winavr-20080430/bin/../lib/gcc/avr/4.3.0/../../../../avr/lib/avr5\libc.a(fdevopen.o)
 .text          0x00000000        0x0 c:/winavr-20080430/bin/../lib/gcc/avr/4.3.0/../../../../avr/lib/avr5\libc.a(iob.o)
 .data          0x00000000        0x0 c:/winavr-20080430/bin/../lib/gcc/avr/4.3.0/../../../../avr/lib/avr5\libc.a(iob.o)
 .bss           0x00000000        0x0 c:/winavr-20080430/bin/../lib/gcc/avr/4.3.0/../../../../avr/lib/avr5\libc.a(iob.o)
 COMMON         0x00000000        0x0 c:/winavr-20080430/bin/../lib/gcc/avr/4.3.0/../../../../avr/lib/avr5\libc.a(iob.o)
 .text          0x00000000        0x0 c:/winavr-20080430/bin/../lib/gcc/avr/4.3.0/../../../../avr/lib/avr5\libc.a(calloc.o)
 .data          0x00000000        0x0 c:/winavr-20080430/bin/../lib/gcc/avr/4.3.0/../../../../avr/lib/avr5\libc.a(calloc.o)
 .bss           0x00000000        0x0 c:/winavr-20080430/bin/../lib/gcc/avr/4.3.0/../../../../avr/lib/avr5\libc.a(calloc.o)
 .text          0x00000000        0x0 c:/winavr-20080430/bin/../lib/gcc/avr/4.3.0/../../../../avr/lib/avr5\libc.a(malloc.o)
 .data          0x00000000        0x0 c:/winavr-20080430/bin/../lib/gcc/avr/4.3.0/../../../../avr/lib/avr5\libc.a(malloc.o)
 .bss           0x00000000        0x0 c:/winavr-20080430/bin/../lib/gcc/avr/4.3.0/../../../../avr/lib/avr5\libc.a(malloc.o)
 COMMON         0x00000000        0x0 c:/winavr-20080430/bin/../lib/gcc/avr/4.3.0/../../../../avr/lib/avr5\libc.a(malloc.o)
 .text          0x00000000        0x0 c:/winavr-20080430/bin/../lib/gcc/avr/4.3.0/../../../../avr/lib/avr5\libc.a(memset.o)
 .data          0x00000000        0x0 c:/winavr-20080430/bin/../lib/gcc/avr/4.3.0/../../../../avr/lib/avr5\libc.a(memset.o)
 .bss           0x00000000        0x0 c:/winavr-20080430/bin/../lib/gcc/avr/4.3.0/../../../../avr/lib/avr5\libc.a(memset.o)

Memory Configuration

Name             Origin             Length             Attributes
text             0x00000000         0x00020000         xr
data             0x00800060         0x0000ffa0         rw !x
eeprom           0x00810000         0x00010000         rw !x
fuse             0x00820000         0x00000400         rw !x
lock             0x00830000         0x00000400         rw !x
signature        0x00840000         0x00000400         rw !x
*default*        0x00000000         0xffffffff

Linker script and memory map

Address of section .data set to 0x800100
LOAD c:/winavr-20080430/bin/../lib/gcc/avr/4.3.0/../../../../avr/lib/avr5/crtm168.o
LOAD test.o
LOAD c:/winavr-20080430/bin/../lib/gcc/avr/4.3.0/../../../../avr/lib\libpololu.a
LOAD c:/winavr-20080430/bin/../lib/gcc/avr/4.3.0/avr5\libgcc.a
LOAD c:/winavr-20080430/bin/../lib/gcc/avr/4.3.0/../../../../avr/lib/avr5\libc.a
LOAD c:/winavr-20080430/bin/../lib/gcc/avr/4.3.0/avr5\libgcc.a

.hash
 *(.hash)

.dynsym
 *(.dynsym)

.dynstr
 *(.dynstr)

.gnu.version
 *(.gnu.version)

.gnu.version_d
 *(.gnu.version_d)

.gnu.version_r
 *(.gnu.version_r)

.rel.init
 *(.rel.init)

.rela.init
 *(.rela.init)

.rel.text
 *(.rel.text)
 *(.rel.text.*)
 *(.rel.gnu.linkonce.t*)

.rela.text
 *(.rela.text)
 *(.rela.text.*)
 *(.rela.gnu.linkonce.t*)

.rel.fini
 *(.rel.fini)

.rela.fini
 *(.rela.fini)

.rel.rodata
 *(.rel.rodata)
 *(.rel.rodata.*)
 *(.rel.gnu.linkonce.r*)

.rela.rodata
 *(.rela.rodata)
 *(.rela.rodata.*)
 *(.rela.gnu.linkonce.r*)

.rel.data
 *(.rel.data)
 *(.rel.data.*)
 *(.rel.gnu.linkonce.d*)

.rela.data
 *(.rela.data)
 *(.rela.data.*)
 *(.rela.gnu.linkonce.d*)

.rel.ctors
 *(.rel.ctors)

.rela.ctors
 *(.rela.ctors)

.rel.dtors
 *(.rel.dtors)

.rela.dtors
 *(.rela.dtors)

.rel.got
 *(.rel.got)

.rela.got
 *(.rela.got)

.rel.bss
 *(.rel.bss)

.rela.bss
 *(.rela.bss)

.rel.plt
 *(.rel.plt)

.rela.plt
 *(.rela.plt)

.text           0x00000000      0xc5a
 *(.vectors)
 .vectors       0x00000000       0x68 c:/winavr-20080430/bin/../lib/gcc/avr/4.3.0/../../../../avr/lib/avr5/crtm168.o
                0x00000000                __vectors
                0x00000000                __vector_default
 *(.vectors)
 *(.progmem.gcc*)
 .progmem.gcc_sw_table
                0x00000068       0x18 c:/winavr-20080430/bin/../lib/gcc/avr/4.3.0/../../../../avr/lib\libpololu.a(OrangutanBuzzer.o)
 *(.progmem*)
                0x00000080                . = ALIGN (0x2)
                0x00000080                __trampolines_start = .
 *(.trampolines)
 .trampolines   0x00000080        0x0 linker stubs
 *(.trampolines*)
                0x00000080                __trampolines_end = .
 *(.jumptables)
 *(.jumptables*)
 *(.lowtext)
 *(.lowtext*)
                0x00000080                __ctors_start = .
 *(.ctors)
                0x00000080                __ctors_end = .
                0x00000080                __dtors_start = .
 *(.dtors)
                0x00000080                __dtors_end = .
 SORT(*)(.ctors)
 SORT(*)(.dtors)
 *(.init0)
 .init0         0x00000080        0x0 c:/winavr-20080430/bin/../lib/gcc/avr/4.3.0/../../../../avr/lib/avr5/crtm168.o
                0x00000080                __init
 *(.init0)
 *(.init1)
 *(.init1)
 *(.init2)
 .init2         0x00000080        0xc c:/winavr-20080430/bin/../lib/gcc/avr/4.3.0/../../../../avr/lib/avr5/crtm168.o
 *(.init2)
 *(.init3)
 *(.init3)
 *(.init4)
 .init4         0x0000008c       0x16 c:/winavr-20080430/bin/../lib/gcc/avr/4.3.0/avr5\libgcc.a(_copy_data.o)
                0x0000008c                __do_copy_data
 .init4         0x000000a2       0x10 c:/winavr-20080430/bin/../lib/gcc/avr/4.3.0/avr5\libgcc.a(_clear_bss.o)
                0x000000a2                __do_clear_bss
 *(.init4)
 *(.init5)
 *(.init5)
 *(.init6)
 *(.init6)
 *(.init7)
 *(.init7)
 *(.init8)
 *(.init8)
 *(.init9)
 .init9         0x000000b2        0x8 c:/winavr-20080430/bin/../lib/gcc/avr/4.3.0/../../../../avr/lib/avr5/crtm168.o
 *(.init9)
 *(.text)
 .text          0x000000ba        0x4 c:/winavr-20080430/bin/../lib/gcc/avr/4.3.0/../../../../avr/lib/avr5/crtm168.o
                0x000000ba                __vector_22
                0x000000ba                __vector_1
                0x000000ba                __vector_24
                0x000000ba                __vector_12
                0x000000ba                __bad_interrupt
                0x000000ba                __vector_6
                0x000000ba                __vector_3
                0x000000ba                __vector_23
                0x000000ba                __vector_25
                0x000000ba                __vector_11
                0x000000ba                __vector_17
                0x000000ba                __vector_19
                0x000000ba                __vector_7
                0x000000ba                __vector_5
                0x000000ba                __vector_4
                0x000000ba                __vector_9
                0x000000ba                __vector_2
                0x000000ba                __vector_21
                0x000000ba                __vector_15
                0x000000ba                __vector_8
                0x000000ba                __vector_14
                0x000000ba                __vector_10
                0x000000ba                __vector_16
                0x000000ba                __vector_18
                0x000000ba                __vector_20
 .text          0x000000be       0x3a test.o
                0x000000be                main
                0x000000f8                . = ALIGN (0x2)
 *(.text.*)
 .text._ZN15OrangutanBuzzer5init2Ev
                0x000000f8       0x2c c:/winavr-20080430/bin/../lib/gcc/avr/4.3.0/../../../../avr/lib\libpololu.a(OrangutanBuzzer.o)
                0x000000f8                OrangutanBuzzer::init2()
 .text._ZN15OrangutanBuzzer4initEv
                0x00000124       0x14 c:/winavr-20080430/bin/../lib/gcc/avr/4.3.0/../../../../avr/lib\libpololu.a(OrangutanBuzzer.o)
                0x00000124                OrangutanBuzzer::init()
 .text._ZN15OrangutanBuzzer13playFrequencyEjjh
                0x00000138      0x164 c:/winavr-20080430/bin/../lib/gcc/avr/4.3.0/../../../../avr/lib\libpololu.a(OrangutanBuzzer.o)
                0x00000138                OrangutanBuzzer::playFrequency(unsigned int, unsigned int, unsigned char)
 .text._ZN15OrangutanBuzzer8playNoteEhjh
                0x0000029c       0xf4 c:/winavr-20080430/bin/../lib/gcc/avr/4.3.0/../../../../avr/lib\libpololu.a(OrangutanBuzzer.o)
                0x0000029c                OrangutanBuzzer::playNote(unsigned char, unsigned int, unsigned char)
 .text._Z16currentCharacterv
                0x00000390       0x4e c:/winavr-20080430/bin/../lib/gcc/avr/4.3.0/../../../../avr/lib\libpololu.a(OrangutanBuzzer.o)
                0x00000390                currentCharacter()
 .text._Z9getNumberv
                0x000003de       0x5a c:/winavr-20080430/bin/../lib/gcc/avr/4.3.0/../../../../avr/lib\libpololu.a(OrangutanBuzzer.o)
                0x000003de                getNumber()
 .text._Z8nextNotev
                0x00000438      0x3fe c:/winavr-20080430/bin/../lib/gcc/avr/4.3.0/../../../../avr/lib\libpololu.a(OrangutanBuzzer.o)
                0x00000438                nextNote()
 .text._ZN15OrangutanBuzzer4playEPKc
                0x00000836       0x1a c:/winavr-20080430/bin/../lib/gcc/avr/4.3.0/../../../../avr/lib\libpololu.a(OrangutanBuzzer.o)
                0x00000836                OrangutanBuzzer::play(char const*)
 .text.play     0x00000850        0x6 c:/winavr-20080430/bin/../lib/gcc/avr/4.3.0/../../../../avr/lib\libpololu.a(OrangutanBuzzer.o)
                0x00000850                play
 .text.__vector_13
                0x00000856       0xa8 c:/winavr-20080430/bin/../lib/gcc/avr/4.3.0/../../../../avr/lib\libpololu.a(OrangutanBuzzer.o)
                0x00000856                __vector_13
 .text._ZN12OrangutanLCD8busyWaitEv
                0x000008fe       0x2c c:/winavr-20080430/bin/../lib/gcc/avr/4.3.0/../../../../avr/lib\libpololu.a(OrangutanLCD.o)
                0x000008fe                OrangutanLCD::busyWait()
 .text._ZN12OrangutanLCD10sendNibbleEh
                0x0000092a       0x4e c:/winavr-20080430/bin/../lib/gcc/avr/4.3.0/../../../../avr/lib\libpololu.a(OrangutanLCD.o)
                0x0000092a                OrangutanLCD::sendNibble(unsigned char)
 .text._ZN12OrangutanLCD4sendEhh
                0x00000978       0x5e c:/winavr-20080430/bin/../lib/gcc/avr/4.3.0/../../../../avr/lib\libpololu.a(OrangutanLCD.o)
                0x00000978                OrangutanLCD::send(unsigned char, unsigned char)
 .text._ZN12OrangutanLCD9send_dataEh
                0x000009d6        0x8 c:/winavr-20080430/bin/../lib/gcc/avr/4.3.0/../../../../avr/lib\libpololu.a(OrangutanLCD.o)
                0x000009d6                OrangutanLCD::send_data(unsigned char)
 .text._ZN12OrangutanLCD8send_cmdEh
                0x000009de        0x8 c:/winavr-20080430/bin/../lib/gcc/avr/4.3.0/../../../../avr/lib\libpololu.a(OrangutanLCD.o)
                0x000009de                OrangutanLCD::send_cmd(unsigned char)
 .text._ZN12OrangutanLCD5init2Ev
                0x000009e6       0x74 c:/winavr-20080430/bin/../lib/gcc/avr/4.3.0/../../../../avr/lib\libpololu.a(OrangutanLCD.o)
                0x000009e6                OrangutanLCD::init2()
 .text._ZN12OrangutanLCD4initEv
                0x00000a5a       0x14 c:/winavr-20080430/bin/../lib/gcc/avr/4.3.0/../../../../avr/lib\libpololu.a(OrangutanLCD.o)
                0x00000a5a                OrangutanLCD::init()
 .text._ZN12OrangutanLCD5printEPKc
                0x00000a6e       0x1a c:/winavr-20080430/bin/../lib/gcc/avr/4.3.0/../../../../avr/lib\libpololu.a(OrangutanLCD.o)
                0x00000a6e                OrangutanLCD::print(char const*)
 .text.print    0x00000a88        0x6 c:/winavr-20080430/bin/../lib/gcc/avr/4.3.0/../../../../avr/lib\libpololu.a(OrangutanLCD.o)
                0x00000a88                print
 .text._ZN13OrangutanLEDs4leftEh
                0x00000a8e        0xe c:/winavr-20080430/bin/../lib/gcc/avr/4.3.0/../../../../avr/lib\libpololu.a(OrangutanLEDs.o)
                0x00000a8e                OrangutanLEDs::left(unsigned char)
 .text._ZN13OrangutanLEDs3redEh
                0x00000a9c        0x6 c:/winavr-20080430/bin/../lib/gcc/avr/4.3.0/../../../../avr/lib\libpololu.a(OrangutanLEDs.o)
                0x00000a9c                OrangutanLEDs::red(unsigned char)
 .text.red_led  0x00000aa2        0x6 c:/winavr-20080430/bin/../lib/gcc/avr/4.3.0/../../../../avr/lib\libpololu.a(OrangutanLEDs.o)
                0x00000aa2                red_led
 .text._ZN13OrangutanLEDs5rightEh
                0x00000aa8        0xe c:/winavr-20080430/bin/../lib/gcc/avr/4.3.0/../../../../avr/lib\libpololu.a(OrangutanLEDs.o)
                0x00000aa8                OrangutanLEDs::right(unsigned char)
 .text._ZN13OrangutanLEDs5greenEh
                0x00000ab6        0x6 c:/winavr-20080430/bin/../lib/gcc/avr/4.3.0/../../../../avr/lib\libpololu.a(OrangutanLEDs.o)
                0x00000ab6                OrangutanLEDs::green(unsigned char)
 .text.green_led
                0x00000abc        0x6 c:/winavr-20080430/bin/../lib/gcc/avr/4.3.0/../../../../avr/lib\libpololu.a(OrangutanLEDs.o)
                0x00000abc                green_led
 .text._ZN14OrangutanDelay2msEj
                0x00000ac2       0x1c c:/winavr-20080430/bin/../lib/gcc/avr/4.3.0/../../../../avr/lib\libpololu.a(OrangutanDelay.o)
                0x00000ac2                OrangutanDelay::ms(unsigned int)
 .text.delay_ms
                0x00000ade        0x6 c:/winavr-20080430/bin/../lib/gcc/avr/4.3.0/../../../../avr/lib\libpololu.a(OrangutanDelay.o)
                0x00000ade                delay_ms
 .text.libgcc   0x00000ae4       0x3e c:/winavr-20080430/bin/../lib/gcc/avr/4.3.0/avr5\libgcc.a(_mulsi3.o)
                0x00000ae4                __mulsi3
 .text.libgcc   0x00000b22       0x18 c:/winavr-20080430/bin/../lib/gcc/avr/4.3.0/avr5\libgcc.a(_udivmodqi4.o)
                0x00000b22                __udivmodqi4
 .text.libgcc   0x00000b3a       0x28 c:/winavr-20080430/bin/../lib/gcc/avr/4.3.0/avr5\libgcc.a(_udivmodhi4.o)
                0x00000b3a                __udivmodhi4
 .text.libgcc   0x00000b62       0x44 c:/winavr-20080430/bin/../lib/gcc/avr/4.3.0/avr5\libgcc.a(_udivmodsi4.o)
                0x00000b62                __udivmodsi4
 .text.libgcc   0x00000ba6       0x36 c:/winavr-20080430/bin/../lib/gcc/avr/4.3.0/avr5\libgcc.a(_divmodsi4.o)
                0x00000ba6                __divmodsi4
 .text.libgcc   0x00000bdc       0x38 c:/winavr-20080430/bin/../lib/gcc/avr/4.3.0/avr5\libgcc.a(_prologue.o)
                0x00000bdc                __prologue_saves__
 .text.libgcc   0x00000c14       0x36 c:/winavr-20080430/bin/../lib/gcc/avr/4.3.0/avr5\libgcc.a(_epilogue.o)
                0x00000c14                __epilogue_restores__
 .text.libgcc   0x00000c4a        0xc c:/winavr-20080430/bin/../lib/gcc/avr/4.3.0/avr5\libgcc.a(_tablejump.o)
                0x00000c4e                __tablejump__
                0x00000c4a                __tablejump2__
                0x00000c56                . = ALIGN (0x2)
 *(.fini9)
 .fini9         0x00000c56        0x0 c:/winavr-20080430/bin/../lib/gcc/avr/4.3.0/avr5\libgcc.a(_exit.o)
                0x00000c56                exit
                0x00000c56                _exit
 *(.fini9)
 *(.fini8)
 *(.fini8)
 *(.fini7)
 *(.fini7)
 *(.fini6)
 *(.fini6)
 *(.fini5)
 *(.fini5)
 *(.fini4)
 *(.fini4)
 *(.fini3)
 *(.fini3)
 *(.fini2)
 *(.fini2)
 *(.fini1)
 *(.fini1)
 *(.fini0)
 .fini0         0x00000c56        0x4 c:/winavr-20080430/bin/../lib/gcc/avr/4.3.0/avr5\libgcc.a(_exit.o)
 *(.fini0)
                0x00000c5a                _etext = .

.data           0x00800100       0x1c load address 0x00000c5a
                0x00800100                PROVIDE (__data_start, .)
 *(.data)
 .data          0x00800100       0x11 test.o
 .data          0x00800111        0xa c:/winavr-20080430/bin/../lib/gcc/avr/4.3.0/../../../../avr/lib\libpololu.a(OrangutanBuzzer.o)
 *(.data*)
 *(.rodata)
 *(.rodata*)
 *(.gnu.linkonce.d*)
                0x0080011c                . = ALIGN (0x2)
 *fill*         0x0080011b        0x1 00
                0x0080011c                _edata = .
                0x0080011c                PROVIDE (__data_end, .)

.bss            0x0080011c        0xc load address 0x00000c76
                0x0080011c                PROVIDE (__bss_start, .)
 *(.bss)
 .bss           0x0080011c        0x9 c:/winavr-20080430/bin/../lib/gcc/avr/4.3.0/../../../../avr/lib\libpololu.a(OrangutanBuzzer.o)
                0x0080011c                OrangutanBuzzer::init()::initialized
 .bss           0x00800125        0x3 c:/winavr-20080430/bin/../lib/gcc/avr/4.3.0/../../../../avr/lib\libpololu.a(OrangutanLCD.o)
                0x00800126                col
                0x00800127                OrangutanLCD::init()::initialized
                0x00800125                row
 *(.bss*)
 *(COMMON)
                0x00800128                PROVIDE (__bss_end, .)
                0x00000c5a                __data_load_start = LOADADDR (.data)
                0x00000c76                __data_load_end = (__data_load_start + SIZEOF (.data))

.noinit         0x00800128        0x0
                0x00800128                PROVIDE (__noinit_start, .)
 *(.noinit*)
                0x00800128                PROVIDE (__noinit_end, .)
                0x00800128                _end = .
                0x00800128                PROVIDE (__heap_start, .)

.eeprom         0x00810000        0x0
 *(.eeprom*)
                0x00810000                __eeprom_end = .

.fuse
 *(.fuse)
 *(.lfuse)
 *(.hfuse)
 *(.efuse)

.lock
 *(.lock*)

.signature
 *(.signature*)

.stab           0x00000000     0x26f4
 *(.stab)
 .stab          0x00000000      0xf9c c:/winavr-20080430/bin/../lib/gcc/avr/4.3.0/../../../../avr/lib\libpololu.a(OrangutanBuzzer.o)
                               0x1464 (size before relaxing)
 .stab          0x00000f9c      0xdd4 c:/winavr-20080430/bin/../lib/gcc/avr/4.3.0/../../../../avr/lib\libpololu.a(OrangutanLCD.o)
                               0x1b24 (size before relaxing)
 .stab          0x00001d70      0x588 c:/winavr-20080430/bin/../lib/gcc/avr/4.3.0/../../../../avr/lib\libpololu.a(OrangutanLEDs.o)
                                0x69c (size before relaxing)
 .stab          0x000022f8      0x3fc c:/winavr-20080430/bin/../lib/gcc/avr/4.3.0/../../../../avr/lib\libpololu.a(OrangutanDelay.o)
                                0x408 (size before relaxing)

.stabstr        0x00000000     0x249e
 *(.stabstr)
 .stabstr       0x00000000     0x249e c:/winavr-20080430/bin/../lib/gcc/avr/4.3.0/../../../../avr/lib\libpololu.a(OrangutanBuzzer.o)

.stab.excl
 *(.stab.excl)

.stab.exclstr
 *(.stab.exclstr)

.stab.index
 *(.stab.index)

.stab.indexstr
 *(.stab.indexstr)

.comment
 *(.comment)

.debug
 *(.debug)

.line
 *(.line)

.debug_srcinfo
 *(.debug_srcinfo)

.debug_sfnames
 *(.debug_sfnames)

.debug_aranges  0x00000000       0x20
 *(.debug_aranges)
 .debug_aranges
                0x00000000       0x20 test.o

.debug_pubnames
                0x00000000       0x1b
 *(.debug_pubnames)
 .debug_pubnames
                0x00000000       0x1b test.o

.debug_info     0x00000000       0x78
 *(.debug_info)
 .debug_info    0x00000000       0x78 test.o
 *(.gnu.linkonce.wi.*)

.debug_abbrev   0x00000000       0x48
 *(.debug_abbrev)
 .debug_abbrev  0x00000000       0x48 test.o

.debug_line     0x00000000       0x96
 *(.debug_line)
 .debug_line    0x00000000       0x96 test.o

.debug_frame    0x00000000       0x20
 *(.debug_frame)
 .debug_frame   0x00000000       0x20 test.o

.debug_str      0x00000000       0x92
 *(.debug_str)
 .debug_str     0x00000000       0x92 test.o
                                 0xc6 (size before relaxing)

.debug_loc
 *(.debug_loc)

.debug_macinfo
 *(.debug_macinfo)
OUTPUT(test.elf elf32-avr)
LOAD linker stubs
